Microchip MPLAB XC8 Compiler V1.38 ()

Linker command line:

-W-3 --edf=C:\Program Files (x86)\Microchip\xc8\v1.38\dat\en_msgs.txt -cs \
  -h+dist/default/production\iRobot_Maze.X.production.sym \
  --cmf=dist/default/production\iRobot_Maze.X.production.cmf -z -Q16F877A \
  -oC:\Users\Brendan\AppData\Local\Temp\s13fg.2 \
  -Mdist/default/production/iRobot_Maze.X.production.map -E1 -ver=XC8 \
  -ASTACK=0110h-016fh -pstack=STACK -ACODE=00h-07FFhx4 -ASTRCODE=00h-01FFFh \
  -ASTRING=00h-0FFhx32 -ACONST=00h-0FFhx32 -AENTRY=00h-0FFhx32 \
  -ACOMMON=070h-07Fh -ABANK0=020h-06Fh -ABANK1=0A0h-0EFh \
  -ABANK2=0110h-016Fh -ABANK3=0190h-01EFh \
  -ARAM=020h-06Fh,0A0h-0EFh,0110h-016Fh,0190h-01EFh \
  -AABS1=020h-07Fh,0A0h-0EFh,0110h-016Fh,0190h-01EFh -ASFR0=00h-01Fh \
  -ASFR1=080h-09Fh -ASFR2=0100h-010Fh -ASFR3=0180h-018Fh \
  -preset_vec=00h,intentry=04h,init,end_init -ppowerup=CODE -pcinit=CODE \
  -pfunctab=CODE -ACONFIG=02007h-02007h -pconfig=CONFIG -DCONFIG=2 \
  -AIDLOC=02000h-02003h -pidloc=IDLOC -DIDLOC=2 -AEEDATA=00h-0FFh/02100h \
  -peeprom_data=EEDATA -DEEDATA=2 -DCODE=2 -DSTRCODE=2 -DSTRING=2 -DCONST=2 \
  -DENTRY=2 -k C:\Users\Brendan\AppData\Local\Temp\s13fg.obj \
  dist/default/production\iRobot_Maze.X.production.obj 

Object code version is 3.11

Machine type is 16F877A



                Name                               Link     Load   Length Selector   Space Scale
C:\Users\Brendan\AppData\Local\Temp\s13fg.obj
                end_init                             12       12        3        8       0
                reset_vec                             0        0        3        0       0
                config                             2007     2007        1     400E       0
dist/default/production\iRobot_Maze.X.production.obj
                cinit                                15       15       4A        8       0
                intentry                              4        4        E        8       0
                text20                              FB6      FB6       22     1F6C       0
                text19                              F02      F02       13     1E04       0
                text18                              F28      F28       14     1E50       0
                text17                              EB4      EB4        9     1D68       0
                text16                              F15      F15       13     1E2A       0
                text15                              F96      F96       20     1F2C       0
                text14                               5F       5F      38B        8       0
                text13                              EC7      EC7        C     1D8E       0
                text12                              651      651       8D        8       0
                text11                              EBD      EBD        A     1D7A       0
                text10                              791      791       3E        8       0
                text9                               6DE      6DE       73        8       0
                text8                               FD8      FD8       28     1FB0       0
                text7                               516      516       A1        8       0
                text6                               3EA      3EA      12C        8       0
                text5                               ED3      ED3        F     1DA6       0
                text4                               F50      F50       16     1EA0       0
                text3                               7CF      7CF       29        8       0
                text2                               F7D      F7D       19     1EFA       0
                text1                               EE2      EE2        F     1DC4       0
                maintext                            5B7      5B7       9A        8       0
                cstackBANK0                          57       57       16       20       1
                cstackCOMMON                         71       71        5       70       1
                clrtext                             7F8      7F8        8        8       0
                inittext                            EF1      EF1       11     1DE2       0
                dataBANK3                           190      190       40      190       1
                bssBANK3                            1D0      1D0       20      190       1
                dataBANK1                            C0       C0       14       A0       1
                bssBANK1                             A0       A0       20       A0       1
                dataBANK0                            40       40       17       20       1
                bssBANK0                             20       20       20       20       1
                bssCOMMON                            76       76        4       70       1
                bitbssCOMMON                        380       70        6       70       1     8
                strings                             800      800       11     1000       0
                idataBANK3                          751      751       40        8       0
                idataBANK1                          F3C      F3C       14     1E78       0
                idataBANK0                          F66      F66       17     1ECC       0

TOTAL           Name                               Link     Load   Length     Space
        CLASS   STACK          

        CLASS   CODE           
                end_init                             12       12        3         0
                cinit                                15       15       4A         0
                intentry                              4        4        E         0
                reset_vec                             0        0        3         0
                text20                              FB6      FB6       22         0
                text19                              F02      F02       13         0
                text18                              F28      F28       14         0
                text17                              EB4      EB4        9         0
                text16                              F15      F15       13         0
                text15                              F96      F96       20         0
                text14                               5F       5F      38B         0
                text13                              EC7      EC7        C         0
                text12                              651      651       8D         0
                text11                              EBD      EBD        A         0
                text10                              791      791       3E         0
                text9                               6DE      6DE       73         0
                text8                               FD8      FD8       28         0
                text7                               516      516       A1         0
                text6                               3EA      3EA      12C         0
                text5                               ED3      ED3        F         0
                text4                               F50      F50       16         0
                text3                               7CF      7CF       29         0
                text2                               F7D      F7D       19         0
                text1                               EE2      EE2        F         0
                maintext                            5B7      5B7       9A         0
                clrtext                             7F8      7F8        8         0
                inittext                            EF1      EF1       11         0
                idataBANK3                          751      751       40         0
                idataBANK1                          F3C      F3C       14         0
                idataBANK0                          F66      F66       17         0

        CLASS   STRCODE        

        CLASS   STRING         
                strings                             800      800       11         0

        CLASS   CONST          

        CLASS   ENTRY          

        CLASS   COMMON         
                cstackCOMMON                         71       71        5         1
                bssCOMMON                            76       76        4         1
                bitbssCOMMON                        380       70        6         1

        CLASS   BANK0          
                cstackBANK0                          57       57       16         1
                dataBANK0                            40       40       17         1
                bssBANK0                             20       20       20         1

        CLASS   BANK1          
                dataBANK1                            C0       C0       14         1
                bssBANK1                             A0       A0       20         1

        CLASS   BANK2          

        CLASS   BANK3          
                dataBANK3                           190      190       40         1
                bssBANK3                            1D0      1D0       20         1

        CLASS   RAM            

        CLASS   ABS1           
                abs_s1                               7E       7E        2         1

        CLASS   SFR0           

        CLASS   SFR1           

        CLASS   SFR2           

        CLASS   SFR3           

        CLASS   CONFIG         
                config                             2007     2007        1         0

        CLASS   IDLOC          

        CLASS   EEDATA         



SEGMENTS        Name                           Load    Length   Top    Selector   Space  Class     Delta

                reset_vec                      000000  000003  000003         0       0  CODE        2
                intentry                       000004  0007FC  000800         8       0  CODE        2
                bssBANK0                       000020  00004D  00006D        20       1  BANK0       1
                bitbssCOMMON                   000070  00000A  00007A        70       1  COMMON      1
                bssBANK1                       0000A0  000034  0000D4        A0       1  BANK1       1
                dataBANK3                      000190  000060  0001F0       190       1  BANK3       1
                strings                        000800  000011  000811      1000       0  STRING      2
                text17                         000EB4  000009  000EBD      1D68       0  CODE        2
                text11                         000EBD  00000A  000EC7      1D7A       0  CODE        2
                text13                         000EC7  00000C  000ED3      1D8E       0  CODE        2
                text5                          000ED3  00000F  000EE2      1DA6       0  CODE        2
                text1                          000EE2  00000F  000EF1      1DC4       0  CODE        2
                inittext                       000EF1  000011  000F02      1DE2       0  CODE        2
                text19                         000F02  000013  000F15      1E04       0  CODE        2
                text16                         000F15  000013  000F28      1E2A       0  CODE        2
                text18                         000F28  000014  000F3C      1E50       0  CODE        2
                idataBANK1                     000F3C  000014  000F50      1E78       0  CODE        2
                text4                          000F50  000016  000F66      1EA0       0  CODE        2
                idataBANK0                     000F66  000017  000F7D      1ECC       0  CODE        2
                text2                          000F7D  000019  000F96      1EFA       0  CODE        2
                text15                         000F96  000020  000FB6      1F2C       0  CODE        2
                text20                         000FB6  000022  000FD8      1F6C       0  CODE        2
                text8                          000FD8  000028  001000      1FB0       0  CODE        2
                config                         002007  000001  002008      400E       0  CONFIG      2


UNUSED ADDRESS RANGES

        Name                Unused          Largest block    Delta
        BANK0            006D-006F              3           1
        BANK1            00D4-00EF             1C           1
        BANK2            0110-016F             60           1
        CODE             0003-0003              1           2
                         0811-0EB3            6A3
                         1000-1FFF            800
        COMMON           007A-007D              4           1
        CONST            0003-0003              1           2
                         0811-0EB3            100
                         1000-1FFF            100
        EEDATA           2100-21FF            100           2
        ENTRY            0003-0003              1           2
                         0811-0EB3            100
                         1000-1FFF            100
        IDLOC            2000-2003              4           2
        RAM              006D-006F              3           1
                         00D4-00EF             1C
                         0110-016F             60
        SFR0             0000-001F             20           1
        SFR1             0080-009F             20           1
        SFR2             0100-010F             10           1
        SFR3             0180-018F             10           1
        STACK            0110-016F             60           1
        STRCODE          0003-0003              1           2
                         0811-0EB3            6A3
                         1000-1FFF           1000
        STRING           0003-0003              1           2
                         0811-0EB3            100
                         1000-1FFF            100

                                  Symbol Table

?_getSensorData           cstackBANK0  0059
Drive@radH                cstackBANK0  0059
Drive@radL                cstackBANK0  005A
Drive@speedH              cstackBANK0  005B
Drive@speedL              cstackBANK0  0058
DriveDirect@VelocityLeft  cstackBANK0  005A
DriveDirect@VelocityRight cstackBANK0  0058
DriveDirect@data          cstackBANK0  005D
DriveDirect@data_387      cstackBANK0  005F
PathTo@loop               cstackBANK0  0066
PathTo@sum                cstackBANK0  0065
PathTo@x_target           cstackBANK0  0064
PathTo@y_target           cstackBANK0  005C
TravelPath@n              cstackBANK0  0068
Turn90@direction          cstackBANK0  0064
_ADCON0                   (abs)        001F
_ADCON1                   (abs)        009F
_ADRESH                   (abs)        001E
_ADRESL                   (abs)        009E
_Drive                    text8        0FD8
_Drive1m                  text9        06DE
_DriveDirect              text12       0651
_GIE                      (abs)        005F
_GO                       (abs)        00FA
_IR_Wall                  bitbssCOMMON 0380
_LeftSpeedH               bssBANK0     0028
_LeftSpeedL               bssBANK0     0029
_OPTION_REG               (abs)        0081
_PB7Counter               bssBANK0     002A
_PB8Counter               bssBANK0     002B
_PEIE                     (abs)        005E
_PORTA                    (abs)        0005
_PORTB                    (abs)        0006
_PORTC                    (abs)        0007
_PORTD                    (abs)        0008
_PORTE                    (abs)        0009
_PathTo                   text14       005F
_RB0                      (abs)        0030
_RB1                      (abs)        0031
_RCIF                     (abs)        0065
_RCREG                    (abs)        001A
_RCSTA                    (abs)        0018
_RE0                      (abs)        0048
_RE1                      (abs)        0049
_RE2                      (abs)        004A
_RightSpeedH              bssBANK0     002C
_RightSpeedL              bssBANK0     002D
_SPBRG                    (abs)        0099
_SSPBUF                   (abs)        0013
_SSPCON                   (abs)        0014
_SSPIF                    (abs)        0063
_SSPSTAT                  (abs)        0094
_TMR0                     (abs)        0001
_TMR0IE                   (abs)        005D
_TMR0IF                   (abs)        005A
_TRISA                    (abs)        0085
_TRISB                    (abs)        0086
_TRISC                    (abs)        0087
_TRISD                    (abs)        0088
_TRISE                    (abs)        0089
_TRMT                     (abs)        04C1
_TXREG                    (abs)        0019
_TXSTA                    (abs)        0098
_TravelPath               text6        03EA
_Turn90                   text7        0516
__CFG_BOREN$OFF           (abs)        0000
__CFG_CP$OFF              (abs)        0000
__CFG_CPD$OFF             (abs)        0000
__CFG_FOSC$HS             (abs)        0000
__CFG_LVP$OFF             (abs)        0000
__CFG_PWRTE$OFF           (abs)        0000
__CFG_WDTE$OFF            (abs)        0000
__CFG_WRT$OFF             (abs)        0000
__Habs1                   abs1         0000
__Hbank0                  bank0        0000
__Hbank1                  bank1        0000
__Hbank2                  bank2        0000
__Hbank3                  bank3        0000
__HbitbssCOMMON           bitbssCOMMON 0000
__HbssBANK0               bssBANK0     0000
__HbssBANK1               bssBANK1     0000
__HbssBANK3               bssBANK3     0000
__HbssCOMMON              bssCOMMON    0000
__Hcinit                  cinit        005F
__Hclrtext                clrtext      0000
__Hcode                   code         0000
__Hcommon                 common       0000
__Hconfig                 config       2008
__HcstackBANK0            cstackBANK0  0000
__HcstackCOMMON           cstackCOMMON 0000
__HdataBANK0              dataBANK0    0000
__HdataBANK1              dataBANK1    0000
__HdataBANK3              dataBANK3    0000
__Heeprom_data            eeprom_data  0000
__Hend_init               end_init     0015
__Hfunctab                functab      0000
__HidataBANK0             idataBANK0   0000
__HidataBANK1             idataBANK1   0000
__HidataBANK3             idataBANK3   0000
__Hidloc                  idloc        0000
__Hinit                   init         0012
__Hinittext               inittext     0000
__Hintentry               intentry     0012
__Hmaintext               maintext     0000
__Hpowerup                powerup      0000
__Hram                    ram          0000
__Hreset_vec              reset_vec    0003
__Hsfr0                   sfr0         0000
__Hsfr1                   sfr1         0000
__Hsfr2                   sfr2         0000
__Hsfr3                   sfr3         0000
__Hspace_0                (abs)        2008
__Hspace_1                (abs)        0386
__Hspace_2                (abs)        0000
__Hspace_3                (abs)        0000
__Hstack                  stack        0000
__Hstrings                strings      0000
__Htext                   text         0000
__Labs1                   abs1         0000
__Lbank0                  bank0        0000
__Lbank1                  bank1        0000
__Lbank2                  bank2        0000
__Lbank3                  bank3        0000
__LbitbssCOMMON           bitbssCOMMON 0000
__LbssBANK0               bssBANK0     0000
__LbssBANK1               bssBANK1     0000
__LbssBANK3               bssBANK3     0000
__LbssCOMMON              bssCOMMON    0000
__Lcinit                  cinit        0015
__Lclrtext                clrtext      0000
__Lcode                   code         0000
__Lcommon                 common       0000
__Lconfig                 config       2007
__LcstackBANK0            cstackBANK0  0000
__LcstackCOMMON           cstackCOMMON 0000
__LdataBANK0              dataBANK0    0000
__LdataBANK1              dataBANK1    0000
__LdataBANK3              dataBANK3    0000
__Leeprom_data            eeprom_data  0000
__Lend_init               end_init     0012
__Lfunctab                functab      0000
__LidataBANK0             idataBANK0   0000
__LidataBANK1             idataBANK1   0000
__LidataBANK3             idataBANK3   0000
__Lidloc                  idloc        0000
__Linit                   init         0012
__Linittext               inittext     0000
__Lintentry               intentry     0004
__Lmaintext               maintext     0000
__Lpowerup                powerup      0000
__Lram                    ram          0000
__Lreset_vec              reset_vec    0000
__Lsfr0                   sfr0         0000
__Lsfr1                   sfr1         0000
__Lsfr2                   sfr2         0000
__Lsfr3                   sfr3         0000
__Lspace_0                (abs)        0000
__Lspace_1                (abs)        0000
__Lspace_2                (abs)        0000
__Lspace_3                (abs)        0000
__Lstack                  stack        0000
__Lstrings                strings      0000
__Ltext                   text         0000
__S0                      (abs)        2008
__S1                      (abs)        01F0
__S2                      (abs)        0000
__S3                      (abs)        0000
___bmul                   text19       0F02
___bmul@multiplicand      cstackBANK0  0057
___bmul@multiplier        cstackBANK0  005A
___bmul@product           cstackBANK0  0059
___int_sp                 stack        0000
___latbits                (abs)        0002
___sp                     stack        0000
__end_of_Drive            text8        1000
__end_of_Drive1m          text9        0751
__end_of_DriveDirect      text12       06DE
__end_of_PathTo           text14       03EA
__end_of_TravelPath       text6        0516
__end_of_Turn90           text7        05B7
__end_of___bmul           text19       0F15
__end_of__initialization  cinit        005B
__end_of__stringtab       strings      0806
__end_of_getSensorData    text10       07CF
__end_of_isr              text20       0FD8
__end_of_lcdSetCursor     text17       0EBD
__end_of_lcdWriteControl  text18       0F3C
__end_of_lcdWriteData     text16       0F28
__end_of_lcdWriteString   text15       0FB6
__end_of_main             maintext     0651
__end_of_ser_getch        text11       0EC7
__end_of_ser_init         text5        0EE2
__end_of_ser_putch        text13       0ED3
__end_of_setupADC         text4        0F66
__end_of_setupLCD         text3        07F8
__end_of_setupSPI         text2        0F96
__end_of_spi_transfer     text1        0EF1
__initialization          cinit        0015
__pbitbssCOMMON           bitbssCOMMON 0380
__pbssBANK0               bssBANK0     0020
__pbssBANK1               bssBANK1     00A0
__pbssBANK3               bssBANK3     01D0
__pbssCOMMON              bssCOMMON    0076
__pcstackBANK0            cstackBANK0  0057
__pcstackCOMMON           cstackCOMMON 0071
__pdataBANK0              dataBANK0    0040
__pdataBANK1              dataBANK1    00C0
__pdataBANK3              dataBANK3    0190
__pidataBANK0             idataBANK0   0F66
__pidataBANK1             idataBANK1   0F3C
__pidataBANK3             idataBANK3   0751
__pintentry               intentry     0004
__pmaintext               maintext     05B7
__pstrings                strings      0800
__ptext1                  text1        0EE2
__ptext10                 text10       0791
__ptext11                 text11       0EBD
__ptext12                 text12       0651
__ptext13                 text13       0EC7
__ptext14                 text14       005F
__ptext15                 text15       0F96
__ptext16                 text16       0F15
__ptext17                 text17       0EB4
__ptext18                 text18       0F28
__ptext19                 text19       0F02
__ptext2                  text2        0F7D
__ptext20                 text20       0FB6
__ptext3                  text3        07CF
__ptext4                  text4        0F50
__ptext5                  text5        0ED3
__ptext6                  text6        03EA
__ptext7                  text7        0516
__ptext8                  text8        0FD8
__ptext9                  text9        06DE
__size_of_Drive           (abs)        0000
__size_of_Drive1m         (abs)        0000
__size_of_DriveDirect     (abs)        0000
__size_of_PathTo          (abs)        0000
__size_of_TravelPath      (abs)        0000
__size_of_Turn90          (abs)        0000
__size_of___bmul          (abs)        0000
__size_of_getSensorData   (abs)        0000
__size_of_isr             (abs)        0000
__size_of_lcdSetCursor    (abs)        0000
__size_of_lcdWriteControl (abs)        0000
__size_of_lcdWriteData    (abs)        0000
__size_of_lcdWriteString  (abs)        0000
__size_of_main            (abs)        0000
__size_of_ser_getch       (abs)        0000
__size_of_ser_init        (abs)        0000
__size_of_ser_putch       (abs)        0000
__size_of_setupADC        (abs)        0000
__size_of_setupLCD        (abs)        0000
__size_of_setupSPI        (abs)        0000
__size_of_spi_transfer    (abs)        0000
__stringbase              strings      0805
__stringtab               strings      0800
_adcRAW                   bssCOMMON    0076
_angle                    bssCOMMON    0078
_c                        bssBANK0     002E
_distance                 bssBANK0     0024
_down                     bitbssCOMMON 0381
_getSensorData            text10       0791
_gridWalls                dataBANK3    0190
_highByte                 bssBANK0     003F
_intersection_orientation bssBANK0     002F
_isr                      text20       0FB6
_lcdSetCursor             text17       0EB4
_lcdWriteControl          text18       0F28
_lcdWriteData             text16       0F15
_lcdWriteString           text15       0F96
_left                     bitbssCOMMON 0382
_lowByte                  bssBANK0     0030
_main                     maintext     05B7
_mazeGrid                 dataBANK0    0040
_mazeGridDefault          dataBANK1    00C0
_orientation              dataBANK0    0054
_orientation_path         bssBANK0     0031
_path                     bssBANK1     00A0
_pathCount                bssBANK0     0032
_pathCountShortest        dataBANK0    0055
_pathShortest             bssBANK3     01D0
_r                        bssBANK0     0033
_reset_flag               bitbssCOMMON 0383
_right                    bitbssCOMMON 0384
_ser_getch                text11       0EBD
_ser_init                 text5        0ED3
_ser_putch                text13       0EC7
_setupADC                 text4        0F50
_setupLCD                 text3        07CF
_setupSPI                 text2        0F7D
_spi_transfer             text1        0EE2
_time_count               bssBANK0     0026
_up                       bitbssCOMMON 0385
_x                        dataBANK0    0056
_x_int                    bssBANK0     0038
_x_path                   bssBANK0     0039
_y                        bssBANK0     003B
_y_int                    bssBANK0     003C
_y_path                   bssBANK0     003D
btemp                     (abs)        007E
clear_ram0                clrtext      07F8
end_of_initialization     cinit        005B
getSensorData@bytes       cstackBANK0  0059
getSensorData@packetID    cstackBANK0  005D
getSensorData@sensor      cstackBANK0  005E
init_fetch0               inittext     0EF1
init_ram0                 inittext     0EF5
interrupt_function        intentry     0004
intlevel0                 functab      0000
intlevel1                 functab      0000
intlevel2                 functab      0000
intlevel3                 functab      0000
intlevel4                 functab      0000
intlevel5                 functab      0000
lcdSetCursor@address      cstackBANK0  005A
lcdWriteControl@databyte  cstackBANK0  0059
lcdWriteData@databyte     cstackBANK0  0059
lcdWriteString@s          cstackBANK0  005B
ltemp                     (abs)        007E
ltemp0                    (abs)        007E
ltemp1                    (abs)        0082
ltemp2                    (abs)        0086
ltemp3                    (abs)        0080
main@controlByte          cstackBANK0  006C
reset_vec                 reset_vec    0000
saved_w                   (abs)        007E
ser_getch@rxbyte          cstackBANK0  0058
ser_putch@c               cstackBANK0  0057
spi_transfer@data         cstackBANK0  0059
spi_transfer@temp         cstackBANK0  0058
stackhi                   (abs)        0000
stacklo                   (abs)        0000
start                     init         0012
start_initialization      cinit        0015
ttemp                     (abs)        007E
ttemp0                    (abs)        007E
ttemp1                    (abs)        0081
ttemp2                    (abs)        0084
ttemp3                    (abs)        0087
ttemp4                    (abs)        007F
wtemp                     (abs)        007E
wtemp0                    (abs)        007E
wtemp1                    (abs)        0080
wtemp2                    (abs)        0082
wtemp3                    (abs)        0084
wtemp4                    (abs)        0086
wtemp5                    (abs)        0088
wtemp6                    (abs)        007F


FUNCTION INFORMATION:

 *************** function _main *****************
 Defined at:
		line 376 in file "main.c"
 Parameters:    Size  Location     Type
		None
 Auto vars:     Size  Location     Type
  controlByte     1   21[BANK0 ] unsigned char 
 Return value:  Size  Location     Type
                  1    wreg      void 
 Registers used:
		wreg, fsr0l, fsr0h, status,2, status,0, btemp+1, pclath, cstack
 Tracked objects:
		On entry : 
		On exit  : 
		Unchanged: 
 Data sizes:     COMMON   BANK0   BANK1   BANK3   BANK2
      Params:         0       0       0       0       0
      Locals:         0       1       0       0       0
      Temps:          0       3       0       0       0
      Totals:         0       4       0       0       0
Total ram usage:        4 bytes
 Hardware stack levels required when called:    5
 This function calls:
		_PathTo
		_TravelPath
		_ser_init
		_ser_putch
		_setupADC
		_setupLCD
		_setupSPI
		_spi_transfer
 This function is called by:
		Startup code after reset
 This function uses a non-reentrant model


 *************** function _spi_transfer *****************
 Defined at:
		line 22 in file "SPI.c"
 Parameters:    Size  Location     Type
  data            1    wreg     unsigned char 
 Auto vars:     Size  Location     Type
  data            1    2[BANK0 ] unsigned char 
  temp            1    1[BANK0 ] unsigned char 
 Return value:  Size  Location     Type
                  1    wreg      unsigned char 
 Registers used:
		wreg, status,2
 Tracked objects:
		On entry : 
		On exit  : 
		Unchanged: 
 Data sizes:     COMMON   BANK0   BANK1   BANK3   BANK2
      Params:         0       0       0       0       0
      Locals:         0       2       0       0       0
      Temps:          0       1       0       0       0
      Totals:         0       3       0       0       0
Total ram usage:        3 bytes
 Hardware stack levels used:    1
 Hardware stack levels required when called:    1
 This function calls:
		Nothing
 This function is called by:
		_main
 This function uses a non-reentrant model


 *************** function _setupSPI *****************
 Defined at:
		line 4 in file "SPI.c"
 Parameters:    Size  Location     Type
		None
 Auto vars:     Size  Location     Type
		None
 Return value:  Size  Location     Type
                  1    wreg      void 
 Registers used:
		wreg
 Tracked objects:
		On entry : 
		On exit  : 
		Unchanged: 
 Data sizes:     COMMON   BANK0   BANK1   BANK3   BANK2
      Params:         0       0       0       0       0
      Locals:         0       0       0       0       0
      Temps:          0       0       0       0       0
      Totals:         0       0       0       0       0
Total ram usage:        0 bytes
 Hardware stack levels used:    1
 Hardware stack levels required when called:    1
 This function calls:
		Nothing
 This function is called by:
		_main
 This function uses a non-reentrant model


 *************** function _setupLCD *****************
 Defined at:
		line 86 in file "LCD.c"
 Parameters:    Size  Location     Type
		None
 Auto vars:     Size  Location     Type
		None
 Return value:  Size  Location     Type
                  1    wreg      void 
 Registers used:
		wreg, status,2, status,0, pclath, cstack
 Tracked objects:
		On entry : 
		On exit  : 
		Unchanged: 
 Data sizes:     COMMON   BANK0   BANK1   BANK3   BANK2
      Params:         0       0       0       0       0
      Locals:         0       0       0       0       0
      Temps:          0       0       0       0       0
      Totals:         0       0       0       0       0
Total ram usage:        0 bytes
 Hardware stack levels used:    1
 Hardware stack levels required when called:    2
 This function calls:
		_lcdWriteControl
 This function is called by:
		_main
 This function uses a non-reentrant model


 *************** function _setupADC *****************
 Defined at:
		line 5 in file "ADC.c"
 Parameters:    Size  Location     Type
		None
 Auto vars:     Size  Location     Type
		None
 Return value:  Size  Location     Type
                  1    wreg      void 
 Registers used:
		wreg, status,2
 Tracked objects:
		On entry : 
		On exit  : 
		Unchanged: 
 Data sizes:     COMMON   BANK0   BANK1   BANK3   BANK2
      Params:         0       0       0       0       0
      Locals:         0       0       0       0       0
      Temps:          0       1       0       0       0
      Totals:         0       1       0       0       0
Total ram usage:        1 bytes
 Hardware stack levels used:    1
 Hardware stack levels required when called:    1
 This function calls:
		Nothing
 This function is called by:
		_main
 This function uses a non-reentrant model


 *************** function _ser_init *****************
 Defined at:
		line 5 in file "ser.c"
 Parameters:    Size  Location     Type
		None
 Auto vars:     Size  Location     Type
		None
 Return value:  Size  Location     Type
                  1    wreg      void 
 Registers used:
		wreg
 Tracked objects:
		On entry : 
		On exit  : 
		Unchanged: 
 Data sizes:     COMMON   BANK0   BANK1   BANK3   BANK2
      Params:         0       0       0       0       0
      Locals:         0       0       0       0       0
      Temps:          0       0       0       0       0
      Totals:         0       0       0       0       0
Total ram usage:        0 bytes
 Hardware stack levels used:    1
 Hardware stack levels required when called:    1
 This function calls:
		Nothing
 This function is called by:
		_main
 This function uses a non-reentrant model


 *************** function _TravelPath *****************
 Defined at:
		line 269 in file "main.c"
 Parameters:    Size  Location     Type
		None
 Auto vars:     Size  Location     Type
  n               1   17[BANK0 ] unsigned char 
 Return value:  Size  Location     Type
                  1    wreg      void 
 Registers used:
		wreg, fsr0l, fsr0h, status,2, status,0, btemp+1, pclath, cstack
 Tracked objects:
		On entry : 
		On exit  : 
		Unchanged: 
 Data sizes:     COMMON   BANK0   BANK1   BANK3   BANK2
      Params:         0       0       0       0       0
      Locals:         0       1       0       0       0
      Temps:          0       3       0       0       0
      Totals:         0       4       0       0       0
Total ram usage:        4 bytes
 Hardware stack levels used:    1
 Hardware stack levels required when called:    4
 This function calls:
		_Drive1m
		_Turn90
 This function is called by:
		_main
 This function uses a non-reentrant model


 *************** function _Turn90 *****************
 Defined at:
		line 240 in file "main.c"
 Parameters:    Size  Location     Type
  direction       1    wreg     unsigned char 
 Auto vars:     Size  Location     Type
  direction       1   13[BANK0 ] unsigned char 
 Return value:  Size  Location     Type
                  1    wreg      void 
 Registers used:
		wreg, status,2, status,0, btemp+1, pclath, cstack
 Tracked objects:
		On entry : 
		On exit  : 
		Unchanged: 
 Data sizes:     COMMON   BANK0   BANK1   BANK3   BANK2
      Params:         0       0       0       0       0
      Locals:         0       1       0       0       0
      Temps:          0       3       0       0       0
      Totals:         0       4       0       0       0
Total ram usage:        4 bytes
 Hardware stack levels used:    1
 Hardware stack levels required when called:    3
 This function calls:
		_Drive
		_DriveDirect
		_getSensorData
 This function is called by:
		_TravelPath
 This function uses a non-reentrant model


 *************** function _Drive *****************
 Defined at:
		line 45 in file "ser.c"
 Parameters:    Size  Location     Type
  speedH          1    wreg     unsigned char 
  speedL          1    1[BANK0 ] unsigned char 
  radH            1    2[BANK0 ] unsigned char 
  radL            1    3[BANK0 ] unsigned char 
 Auto vars:     Size  Location     Type
  speedH          1    4[BANK0 ] unsigned char 
 Return value:  Size  Location     Type
                  1    wreg      void 
 Registers used:
		wreg, status,2, status,0, pclath, cstack
 Tracked objects:
		On entry : 
		On exit  : 
		Unchanged: 
 Data sizes:     COMMON   BANK0   BANK1   BANK3   BANK2
      Params:         0       3       0       0       0
      Locals:         0       1       0       0       0
      Temps:          0       0       0       0       0
      Totals:         0       4       0       0       0
Total ram usage:        4 bytes
 Hardware stack levels used:    1
 Hardware stack levels required when called:    2
 This function calls:
		_ser_putch
 This function is called by:
		_Turn90
 This function uses a non-reentrant model


 *************** function _Drive1m *****************
 Defined at:
		line 215 in file "main.c"
 Parameters:    Size  Location     Type
		None
 Auto vars:     Size  Location     Type
		None
 Return value:  Size  Location     Type
                  1    wreg      void 
 Registers used:
		wreg, fsr0l, fsr0h, status,2, status,0, btemp+1, pclath, cstack
 Tracked objects:
		On entry : 
		On exit  : 
		Unchanged: 
 Data sizes:     COMMON   BANK0   BANK1   BANK3   BANK2
      Params:         0       0       0       0       0
      Locals:         0       0       0       0       0
      Temps:          0       3       0       0       0
      Totals:         0       3       0       0       0
Total ram usage:        3 bytes
 Hardware stack levels used:    1
 Hardware stack levels required when called:    3
 This function calls:
		_DriveDirect
		_getSensorData
 This function is called by:
		_TravelPath
 This function uses a non-reentrant model


 *************** function _getSensorData *****************
 Defined at:
		line 85 in file "ser.c"
 Parameters:    Size  Location     Type
  packetID        1    wreg     unsigned char 
  bytes           1    2[BANK0 ] unsigned char 
 Auto vars:     Size  Location     Type
  packetID        1    6[BANK0 ] unsigned char 
  sensor          2    7[BANK0 ] int 
 Return value:  Size  Location     Type
                  2    2[BANK0 ] int 
 Registers used:
		wreg, status,2, status,0, btemp+1, pclath, cstack
 Tracked objects:
		On entry : 
		On exit  : 
		Unchanged: 
 Data sizes:     COMMON   BANK0   BANK1   BANK3   BANK2
      Params:         0       2       0       0       0
      Locals:         0       3       0       0       0
      Temps:          0       2       0       0       0
      Totals:         0       7       0       0       0
Total ram usage:        7 bytes
 Hardware stack levels used:    1
 Hardware stack levels required when called:    2
 This function calls:
		_ser_getch
		_ser_putch
 This function is called by:
		_Drive1m
		_Turn90
 This function uses a non-reentrant model


 *************** function _ser_getch *****************
 Defined at:
		line 35 in file "ser.c"
 Parameters:    Size  Location     Type
		None
 Auto vars:     Size  Location     Type
  rxbyte          1    1[BANK0 ] unsigned char 
 Return value:  Size  Location     Type
                  1    wreg      unsigned char 
 Registers used:
		wreg
 Tracked objects:
		On entry : 
		On exit  : 
		Unchanged: 
 Data sizes:     COMMON   BANK0   BANK1   BANK3   BANK2
      Params:         0       0       0       0       0
      Locals:         0       1       0       0       0
      Temps:          0       1       0       0       0
      Totals:         0       2       0       0       0
Total ram usage:        2 bytes
 Hardware stack levels used:    1
 Hardware stack levels required when called:    1
 This function calls:
		Nothing
 This function is called by:
		_getSensorData
 This function uses a non-reentrant model


 *************** function _DriveDirect *****************
 Defined at:
		line 54 in file "ser.c"
 Parameters:    Size  Location     Type
  VelocityRigh    2    1[BANK0 ] int 
  VelocityLeft    2    3[BANK0 ] int 
 Auto vars:     Size  Location     Type
  data            2    8[BANK0 ] unsigned int 
  data            2    6[BANK0 ] unsigned int 
 Return value:  Size  Location     Type
                  1    wreg      void 
 Registers used:
		wreg, status,2, status,0, btemp+1, pclath, cstack
 Tracked objects:
		On entry : 
		On exit  : 
		Unchanged: 
 Data sizes:     COMMON   BANK0   BANK1   BANK3   BANK2
      Params:         0       4       0       0       0
      Locals:         0       4       0       0       0
      Temps:          0       1       0       0       0
      Totals:         0       9       0       0       0
Total ram usage:        9 bytes
 Hardware stack levels used:    1
 Hardware stack levels required when called:    2
 This function calls:
		_ser_putch
 This function is called by:
		_Drive1m
		_Turn90
 This function uses a non-reentrant model


 *************** function _ser_putch *****************
 Defined at:
		line 30 in file "ser.c"
 Parameters:    Size  Location     Type
  c               1    wreg     unsigned char 
 Auto vars:     Size  Location     Type
  c               1    0[BANK0 ] unsigned char 
 Return value:  Size  Location     Type
                  1    wreg      void 
 Registers used:
		wreg
 Tracked objects:
		On entry : 
		On exit  : 
		Unchanged: 
 Data sizes:     COMMON   BANK0   BANK1   BANK3   BANK2
      Params:         0       0       0       0       0
      Locals:         0       1       0       0       0
      Temps:          0       0       0       0       0
      Totals:         0       1       0       0       0
Total ram usage:        1 bytes
 Hardware stack levels used:    1
 Hardware stack levels required when called:    1
 This function calls:
		Nothing
 This function is called by:
		_main
		_Drive
		_DriveDirect
		_getSensorData
 This function uses a non-reentrant model


 *************** function _PathTo *****************
 Defined at:
		line 16 in file "main.c"
 Parameters:    Size  Location     Type
  x_target        1    wreg     unsigned char 
  y_target        1    5[BANK0 ] unsigned char 
 Auto vars:     Size  Location     Type
  x_target        1   13[BANK0 ] unsigned char 
  sum             1   14[BANK0 ] unsigned char 
  loop            2   15[BANK0 ] int 
 Return value:  Size  Location     Type
                  1    wreg      void 
 Registers used:
		wreg, fsr0l, fsr0h, status,2, status,0, btemp+1, pclath, cstack
 Tracked objects:
		On entry : 
		On exit  : 
		Unchanged: 
 Data sizes:     COMMON   BANK0   BANK1   BANK3   BANK2
      Params:         0       1       0       0       0
      Locals:         0       4       0       0       0
      Temps:          0       7       0       0       0
      Totals:         0      12       0       0       0
Total ram usage:       12 bytes
 Hardware stack levels used:    1
 Hardware stack levels required when called:    3
 This function calls:
		___bmul
		_lcdSetCursor
		_lcdWriteString
 This function is called by:
		_main
 This function uses a non-reentrant model


 *************** function _lcdWriteString *****************
 Defined at:
		line 32 in file "LCD.c"
 Parameters:    Size  Location     Type
  s               1    wreg     PTR unsigned char 
		 -> STR_1(11), 
 Auto vars:     Size  Location     Type
  s               1    4[BANK0 ] PTR unsigned char 
		 -> STR_1(11), 
 Return value:  Size  Location     Type
                  1    wreg      void 
 Registers used:
		wreg, fsr0l, fsr0h, status,2, status,0, pclath, cstack
 Tracked objects:
		On entry : 
		On exit  : 
		Unchanged: 
 Data sizes:     COMMON   BANK0   BANK1   BANK3   BANK2
      Params:         0       0       0       0       0
      Locals:         0       1       0       0       0
      Temps:          0       1       0       0       0
      Totals:         0       2       0       0       0
Total ram usage:        2 bytes
 Hardware stack levels used:    1
 Hardware stack levels required when called:    2
 This function calls:
		_lcdWriteData
 This function is called by:
		_PathTo
 This function uses a non-reentrant model


 *************** function _lcdWriteData *****************
 Defined at:
		line 16 in file "LCD.c"
 Parameters:    Size  Location     Type
  databyte        1    wreg     unsigned char 
 Auto vars:     Size  Location     Type
  databyte        1    2[BANK0 ] unsigned char 
 Return value:  Size  Location     Type
                  1    wreg      void 
 Registers used:
		wreg
 Tracked objects:
		On entry : 
		On exit  : 
		Unchanged: 
 Data sizes:     COMMON   BANK0   BANK1   BANK3   BANK2
      Params:         0       0       0       0       0
      Locals:         0       1       0       0       0
      Temps:          0       2       0       0       0
      Totals:         0       3       0       0       0
Total ram usage:        3 bytes
 Hardware stack levels used:    1
 Hardware stack levels required when called:    1
 This function calls:
		Nothing
 This function is called by:
		_lcdWriteString
		_lcdWriteToDigitBCD
 This function uses a non-reentrant model


 *************** function _lcdSetCursor *****************
 Defined at:
		line 27 in file "LCD.c"
 Parameters:    Size  Location     Type
  address         1    wreg     unsigned char 
 Auto vars:     Size  Location     Type
  address         1    3[BANK0 ] unsigned char 
 Return value:  Size  Location     Type
                  1    wreg      void 
 Registers used:
		wreg, status,2, status,0, pclath, cstack
 Tracked objects:
		On entry : 
		On exit  : 
		Unchanged: 
 Data sizes:     COMMON   BANK0   BANK1   BANK3   BANK2
      Params:         0       0       0       0       0
      Locals:         0       1       0       0       0
      Temps:          0       0       0       0       0
      Totals:         0       1       0       0       0
Total ram usage:        1 bytes
 Hardware stack levels used:    1
 Hardware stack levels required when called:    2
 This function calls:
		_lcdWriteControl
 This function is called by:
		_PathTo
		_ADCMain
 This function uses a non-reentrant model


 *************** function _lcdWriteControl *****************
 Defined at:
		line 5 in file "LCD.c"
 Parameters:    Size  Location     Type
  databyte        1    wreg     unsigned char 
 Auto vars:     Size  Location     Type
  databyte        1    2[BANK0 ] unsigned char 
 Return value:  Size  Location     Type
                  1    wreg      void 
 Registers used:
		wreg
 Tracked objects:
		On entry : 
		On exit  : 
		Unchanged: 
 Data sizes:     COMMON   BANK0   BANK1   BANK3   BANK2
      Params:         0       0       0       0       0
      Locals:         0       1       0       0       0
      Temps:          0       2       0       0       0
      Totals:         0       3       0       0       0
Total ram usage:        3 bytes
 Hardware stack levels used:    1
 Hardware stack levels required when called:    1
 This function calls:
		Nothing
 This function is called by:
		_lcdSetCursor
		_setupLCD
 This function uses a non-reentrant model


 *************** function ___bmul *****************
 Defined at:
		line 4 in file "C:\Program Files (x86)\Microchip\xc8\v1.38\sources\common\Umul8.c"
 Parameters:    Size  Location     Type
  multiplier      1    wreg     unsigned char 
  multiplicand    1    0[BANK0 ] unsigned char 
 Auto vars:     Size  Location     Type
  multiplier      1    3[BANK0 ] unsigned char 
  product         1    2[BANK0 ] unsigned char 
 Return value:  Size  Location     Type
                  1    wreg      unsigned char 
 Registers used:
		wreg, status,2, status,0
 Tracked objects:
		On entry : 
		On exit  : 
		Unchanged: 
 Data sizes:     COMMON   BANK0   BANK1   BANK3   BANK2
      Params:         0       1       0       0       0
      Locals:         0       2       0       0       0
      Temps:          0       1       0       0       0
      Totals:         0       4       0       0       0
Total ram usage:        4 bytes
 Hardware stack levels used:    1
 Hardware stack levels required when called:    1
 This function calls:
		Nothing
 This function is called by:
		_PathTo
 This function uses a non-reentrant model


 *************** function _isr *****************
 Defined at:
		line 361 in file "main.c"
 Parameters:    Size  Location     Type
		None
 Auto vars:     Size  Location     Type
		None
 Return value:  Size  Location     Type
                  1    wreg      void 
 Registers used:
		wreg, status,2, status,0
 Tracked objects:
		On entry : 
		On exit  : 
		Unchanged: 
 Data sizes:     COMMON   BANK0   BANK1   BANK3   BANK2
      Params:         0       0       0       0       0
      Locals:         0       0       0       0       0
      Temps:          5       0       0       0       0
      Totals:         5       0       0       0       0
Total ram usage:        5 bytes
 Hardware stack levels used:    1
 This function calls:
		Nothing
 This function is called by:
		Interrupt level 1
 This function uses a non-reentrant model



MODULE INFORMATION

Module		Function		Class		Link	Load	Size
ser.c
		_Drive         		CODE           	0FD8	0000	41
		_ser_init      		CODE           	0ED3	0000	16
		_ser_getch     		CODE           	0EBD	0000	11
		_ser_putch     		CODE           	0EC7	0000	13
		_getSensorData 		CODE           	0791	0000	63
		_DriveDirect   		CODE           	0651	0000	142

ser.c estimated size: 286

C:\Program Files (x86)\Microchip\xc8\v1.38\sources\common\Umul8.c
		___bmul        		CODE           	0F02	0000	20

C:\Program Files (x86)\Microchip\xc8\v1.38\sources\common\Umul8.c estimated size: 20

shared
		__stringtab    		STRING         	0800	0000	7
		__initialization		CODE           	0015	0000	71

shared estimated size: 78

ADC.c
		_setupADC      		CODE           	0F50	0000	23

ADC.c estimated size: 23

SPI.c
		_spi_transfer  		CODE           	0EE2	0000	16
		_setupSPI      		CODE           	0F7D	0000	26

SPI.c estimated size: 42

main.c
		_Drive1m       		CODE           	06DE	0000	116
		_Turn90        		CODE           	0516	0000	162
		_main          		CODE           	05B7	0000	155
		_TravelPath    		CODE           	03EA	0000	301
		_isr           		CODE           	0FB6	0000	35
		_PathTo        		CODE           	005F	0000	908

main.c estimated size: 1677

LCD.c
		_setupLCD      		CODE           	07CF	0000	42
		_lcdSetCursor  		CODE           	0EB4	0000	10
		_lcdWriteControl		CODE           	0F28	0000	21
		_lcdWriteData  		CODE           	0F15	0000	20
		_lcdWriteString		CODE           	0F96	0000	33

LCD.c estimated size: 126

