Microchip MPLAB XC8 Compiler V1.38 ()

Linker command line:

-W-3 --edf=C:\Program Files (x86)\Microchip\xc8\v1.38\dat\en_msgs.txt -cs \
  -h+dist/default/production\iRobot_Maze.X.production.sym \
  --cmf=dist/default/production\iRobot_Maze.X.production.cmf -z -Q16F877A \
  -oC:\Users\Brendan\AppData\Local\Temp\sc54.2 \
  -Mdist/default/production/iRobot_Maze.X.production.map -E1 -ver=XC8 \
  -ASTACK=01D4h-01efh -pstack=STACK -ACODE=00h-07FFhx4 -ASTRCODE=00h-01FFFh \
  -ASTRING=00h-0FFhx32 -ACONST=00h-0FFhx32 -AENTRY=00h-0FFhx32 \
  -ACOMMON=070h-07Fh -ABANK0=020h-06Fh -ABANK1=0A0h-0EFh \
  -ABANK2=0110h-016Fh -ABANK3=0190h-01EFh \
  -ARAM=020h-06Fh,0A0h-0EFh,0110h-016Fh,0190h-01EFh \
  -AABS1=020h-07Fh,0A0h-0EFh,0110h-016Fh,0190h-01EFh -ASFR0=00h-01Fh \
  -ASFR1=080h-09Fh -ASFR2=0100h-010Fh -ASFR3=0180h-018Fh \
  -preset_vec=00h,intentry=04h,init,end_init -ppowerup=CODE -pcinit=CODE \
  -pfunctab=CODE -ACONFIG=02007h-02007h -pconfig=CONFIG -DCONFIG=2 \
  -AIDLOC=02000h-02003h -pidloc=IDLOC -DIDLOC=2 -AEEDATA=00h-0FFh/02100h \
  -peeprom_data=EEDATA -DEEDATA=2 -DCODE=2 -DSTRCODE=2 -DSTRING=2 -DCONST=2 \
  -DENTRY=2 -k C:\Users\Brendan\AppData\Local\Temp\sc54.obj \
  dist/default/production\iRobot_Maze.X.production.obj 

Object code version is 3.11

Machine type is 16F877A



                Name                               Link     Load   Length Selector   Space Scale
C:\Users\Brendan\AppData\Local\Temp\sc54.obj
                end_init                             12       12        3        8       0
                reset_vec                             0        0        3        0       0
                config                             2007     2007        1     400E       0
dist/default/production\iRobot_Maze.X.production.obj
                cinit                                15       15       44        8       0
                intentry                              4        4        E        8       0
                text12                              5DA      5DA       1C        8       0
                text11                              64C      64C       13        8       0
                text10                               59       59      316        8       0
                text9                               625      625       14        8       0
                text8                               67F      67F        9        8       0
                text7                               639      639       13        8       0
                text6                               5BA      5BA       20        8       0
                text5                               422      422       97        8       0
                text4                               670      670        F        8       0
                text3                               60F      60F       16        8       0
                text2                               591      591       29        8       0
                text1                               5F6      5F6       19        8       0
                maintext                            36F      36F       B3        8       0
                cstackBANK0                          45       45       20       20       1
                cstackCOMMON                         75       75        5       70       1
                clrtext                             690      690        8      D20       0
                inittext                            65F      65F       11        8       0
                dataBANK2                           110      110       50      110       1
                dataBANK3                           190      190       44      190       1
                dataBANK1                            A0       A0       44       A0       1
                dataBANK0                            65       65        2       20       1
                bssBANK0                             20       20       25       20       1
                bssCOMMON                            70       70        5       70       1
                strings                             688      688        8      D10       0
                idataBANK3                          54D      54D       44        8       0
                idataBANK2                          4B9      4B9       50        8       0
                idataBANK1                          509      509       44        8       0
                idataBANK0                          698      698        2      D20       0

TOTAL           Name                               Link     Load   Length     Space
        CLASS   STACK          

        CLASS   CODE           
                end_init                             12       12        3         0
                cinit                                15       15       44         0
                intentry                              4        4        E         0
                reset_vec                             0        0        3         0
                text12                              5DA      5DA       1C         0
                text11                              64C      64C       13         0
                text10                               59       59      316         0
                text9                               625      625       14         0
                text8                               67F      67F        9         0
                text7                               639      639       13         0
                text6                               5BA      5BA       20         0
                text5                               422      422       97         0
                text4                               670      670        F         0
                text3                               60F      60F       16         0
                text2                               591      591       29         0
                text1                               5F6      5F6       19         0
                maintext                            36F      36F       B3         0
                clrtext                             690      690        8         0
                inittext                            65F      65F       11         0
                idataBANK3                          54D      54D       44         0
                idataBANK2                          4B9      4B9       50         0
                idataBANK1                          509      509       44         0
                idataBANK0                          698      698        2         0

        CLASS   STRCODE        

        CLASS   STRING         
                strings                             688      688        8         0

        CLASS   CONST          

        CLASS   ENTRY          

        CLASS   COMMON         
                cstackCOMMON                         75       75        5         1
                bssCOMMON                            70       70        5         1

        CLASS   BANK0          
                cstackBANK0                          45       45       20         1
                dataBANK0                            65       65        2         1
                bssBANK0                             20       20       25         1

        CLASS   BANK1          
                dataBANK1                            A0       A0       44         1

        CLASS   BANK2          
                dataBANK2                           110      110       50         1

        CLASS   BANK3          
                dataBANK3                           190      190       44         1

        CLASS   RAM            

        CLASS   ABS1           
                abs_s1                               7E       7E        2         1

        CLASS   SFR0           

        CLASS   SFR1           

        CLASS   SFR2           

        CLASS   SFR3           

        CLASS   CONFIG         
                config                             2007     2007        1         0

        CLASS   IDLOC          

        CLASS   EEDATA         



SEGMENTS        Name                           Load    Length   Top    Selector   Space  Class     Delta

                reset_vec                      000000  000003  000003         0       0  CODE        2
                intentry                       000004  000684  000688         8       0  CODE        2
                bssBANK0                       000020  000047  000067        20       1  BANK0       1
                bssCOMMON                      000070  00000A  00007A        70       1  COMMON      1
                dataBANK1                      0000A0  000044  0000E4        A0       1  BANK1       1
                dataBANK2                      000110  000050  000160       110       1  BANK2       1
                dataBANK3                      000190  000044  0001D4       190       1  BANK3       1
                strings                        000688  000008  000690       D10       0  STRING      2
                clrtext                        000690  00000A  00069A       D20       0  CODE        2
                config                         002007  000001  002008      400E       0  CONFIG      2


UNUSED ADDRESS RANGES

        Name                Unused          Largest block    Delta
        BANK0            0067-006F              9           1
        BANK1            00E4-00EF              C           1
        BANK2            0160-016F             10           1
        BANK3            01D4-01EF             1C           1
        CODE             0003-0003              1           2
                         069A-1FFF            800
        COMMON           007A-007D              4           1
        CONST            0003-0003              1           2
                         069A-1FFF            100
        EEDATA           2100-21FF            100           2
        ENTRY            0003-0003              1           2
                         069A-1FFF            100
        IDLOC            2000-2003              4           2
        RAM              0067-006F              9           1
                         00E4-00EF              C
                         0160-016F             10
                         01D4-01EF             1C
        SFR0             0000-001F             20           1
        SFR1             0080-009F             20           1
        SFR2             0100-010F             10           1
        SFR3             0180-018F             10           1
        STACK            01D4-01EF             1C           1
        STRCODE          0003-0003              1           2
                         069A-1FFF           1966
        STRING           0003-0003              1           2
                         069A-1FFF            100

                                  Symbol Table

PathTo@loop                     cstackBANK0  005C
PathTo@n                        cstackBANK0  005E
PathTo@n_138                    cstackBANK0  005F
PathTo@sum                      cstackBANK0  0052
PathTo@x_target                 cstackBANK0  0051
PathTo@y_target                 cstackBANK0  0049
_ADCON0                         (abs)        001F
_ADCON1                         (abs)        009F
_ADRESH                         (abs)        001E
_ADRESL                         (abs)        009E
_GIE                            (abs)        005F
_GO                             (abs)        00FA
_LeftSpeedH                     bssBANK0     002A
_LeftSpeedL                     bssBANK0     002B
_OPTION_REG                     (abs)        0081
_PB8Counter                     bssBANK0     002C
_PEIE                           (abs)        005E
_PORTA                          (abs)        0005
_PORTC                          (abs)        0007
_PORTD                          (abs)        0008
_PORTE                          (abs)        0009
_PathTo                         text10       0059
_PathTo$132                     cstackBANK0  0053
_PathTo$133                     cstackBANK0  0054
_PathTo$134                     cstackBANK0  0055
_PathTo$135                     cstackBANK0  0056
_PathTo$137                     cstackBANK0  0057
_PathTo$139                     cstackBANK0  0058
_PathTo$140                     cstackBANK0  0059
_PathTo$141                     cstackBANK0  005A
_PathTo$142                     cstackBANK0  005B
_RB0                            (abs)        0030
_RCIF                           (abs)        0065
_RCREG                          (abs)        001A
_RCSTA                          (abs)        0018
_RE0                            (abs)        0048
_RE1                            (abs)        0049
_RE2                            (abs)        004A
_RightSpeedH                    bssCOMMON    0072
_RightSpeedL                    bssBANK0     002D
_SPBRG                          (abs)        0099
_SSPBUF                         (abs)        0013
_SSPCON                         (abs)        0014
_SSPIF                          (abs)        0063
_SSPSTAT                        (abs)        0094
_TMR0                           (abs)        0001
_TMR0IE                         (abs)        005D
_TMR0IF                         (abs)        005A
_TRISA                          (abs)        0085
_TRISB                          (abs)        0086
_TRISC                          (abs)        0087
_TRISD                          (abs)        0088
_TRISE                          (abs)        0089
_TRMT                           (abs)        04C1
_TXREG                          (abs)        0019
_TXSTA                          (abs)        0098
__CFG_BOREN$OFF                 (abs)        0000
__CFG_CP$OFF                    (abs)        0000
__CFG_CPD$OFF                   (abs)        0000
__CFG_FOSC$HS                   (abs)        0000
__CFG_LVP$OFF                   (abs)        0000
__CFG_PWRTE$OFF                 (abs)        0000
__CFG_WDTE$OFF                  (abs)        0000
__CFG_WRT$OFF                   (abs)        0000
__Habs1                         abs1         0000
__Hbank0                        bank0        0000
__Hbank1                        bank1        0000
__Hbank2                        bank2        0000
__Hbank3                        bank3        0000
__HbssBANK0                     bssBANK0     0000
__HbssCOMMON                    bssCOMMON    0000
__Hcinit                        cinit        0059
__Hclrtext                      clrtext      0000
__Hcode                         code         0000
__Hcommon                       common       0000
__Hconfig                       config       2008
__HcstackBANK0                  cstackBANK0  0000
__HcstackCOMMON                 cstackCOMMON 0000
__HdataBANK0                    dataBANK0    0000
__HdataBANK1                    dataBANK1    0000
__HdataBANK2                    dataBANK2    0000
__HdataBANK3                    dataBANK3    0000
__Heeprom_data                  eeprom_data  0000
__Hend_init                     end_init     0015
__Hfunctab                      functab      0000
__HidataBANK0                   idataBANK0   0000
__HidataBANK1                   idataBANK1   0000
__HidataBANK2                   idataBANK2   0000
__HidataBANK3                   idataBANK3   0000
__Hidloc                        idloc        0000
__Hinit                         init         0012
__Hinittext                     inittext     0000
__Hintentry                     intentry     0012
__Hmaintext                     maintext     0000
__Hpowerup                      powerup      0000
__Hram                          ram          0000
__Hreset_vec                    reset_vec    0003
__Hsfr0                         sfr0         0000
__Hsfr1                         sfr1         0000
__Hsfr2                         sfr2         0000
__Hsfr3                         sfr3         0000
__Hspace_0                      (abs)        2008
__Hspace_1                      (abs)        01D4
__Hspace_2                      (abs)        0000
__Hspace_3                      (abs)        0000
__Hstack                        stack        0000
__Hstrings                      strings      0000
__Htext                         text         0000
__Labs1                         abs1         0000
__Lbank0                        bank0        0000
__Lbank1                        bank1        0000
__Lbank2                        bank2        0000
__Lbank3                        bank3        0000
__LbssBANK0                     bssBANK0     0000
__LbssCOMMON                    bssCOMMON    0000
__Lcinit                        cinit        0015
__Lclrtext                      clrtext      0000
__Lcode                         code         0000
__Lcommon                       common       0000
__Lconfig                       config       2007
__LcstackBANK0                  cstackBANK0  0000
__LcstackCOMMON                 cstackCOMMON 0000
__LdataBANK0                    dataBANK0    0000
__LdataBANK1                    dataBANK1    0000
__LdataBANK2                    dataBANK2    0000
__LdataBANK3                    dataBANK3    0000
__Leeprom_data                  eeprom_data  0000
__Lend_init                     end_init     0012
__Lfunctab                      functab      0000
__LidataBANK0                   idataBANK0   0000
__LidataBANK1                   idataBANK1   0000
__LidataBANK2                   idataBANK2   0000
__LidataBANK3                   idataBANK3   0000
__Lidloc                        idloc        0000
__Linit                         init         0012
__Linittext                     inittext     0000
__Lintentry                     intentry     0004
__Lmaintext                     maintext     0000
__Lpowerup                      powerup      0000
__Lram                          ram          0000
__Lreset_vec                    reset_vec    0000
__Lsfr0                         sfr0         0000
__Lsfr1                         sfr1         0000
__Lsfr2                         sfr2         0000
__Lsfr3                         sfr3         0000
__Lspace_0                      (abs)        0000
__Lspace_1                      (abs)        0000
__Lspace_2                      (abs)        0000
__Lspace_3                      (abs)        0000
__Lstack                        stack        0000
__Lstrings                      strings      0000
__Ltext                         text         0000
__S0                            (abs)        2008
__S1                            (abs)        01D4
__S2                            (abs)        0000
__S3                            (abs)        0000
___bmul                         text11       064C
___bmul@multiplicand            cstackBANK0  0045
___bmul@multiplier              cstackBANK0  0048
___bmul@product                 cstackBANK0  0047
___int_sp                       stack        0000
___latbits                      (abs)        0002
___sp                           stack        0000
__end_of_PathTo                 text10       036F
__end_of___bmul                 text11       065F
__end_of__initialization        cinit        0055
__end_of__stringtab             strings      068E
__end_of_isr                    text12       05F6
__end_of_lcdSetCursor           text8        0688
__end_of_lcdWriteControl        text9        0639
__end_of_lcdWriteData           text7        064C
__end_of_lcdWriteString         text6        05DA
__end_of_lcdWriteToDigitBCD     text5        04B9
__end_of_main                   maintext     0422
__end_of_ser_init               text4        067F
__end_of_setupADC               text3        0625
__end_of_setupLCD               text2        05BA
__end_of_setupSPI               text1        060F
__initialization                cinit        0015
__pbssBANK0                     bssBANK0     0020
__pbssCOMMON                    bssCOMMON    0070
__pcstackBANK0                  cstackBANK0  0045
__pcstackCOMMON                 cstackCOMMON 0075
__pdataBANK0                    dataBANK0    0065
__pdataBANK1                    dataBANK1    00A0
__pdataBANK2                    dataBANK2    0110
__pdataBANK3                    dataBANK3    0190
__pidataBANK0                   idataBANK0   0698
__pidataBANK1                   idataBANK1   0509
__pidataBANK2                   idataBANK2   04B9
__pidataBANK3                   idataBANK3   054D
__pintentry                     intentry     0004
__pmaintext                     maintext     036F
__pstrings                      strings      0688
__ptext1                        text1        05F6
__ptext10                       text10       0059
__ptext11                       text11       064C
__ptext12                       text12       05DA
__ptext2                        text2        0591
__ptext3                        text3        060F
__ptext4                        text4        0670
__ptext5                        text5        0422
__ptext6                        text6        05BA
__ptext7                        text7        0639
__ptext8                        text8        067F
__ptext9                        text9        0625
__size_of_PathTo                (abs)        0000
__size_of___bmul                (abs)        0000
__size_of_isr                   (abs)        0000
__size_of_lcdSetCursor          (abs)        0000
__size_of_lcdWriteControl       (abs)        0000
__size_of_lcdWriteData          (abs)        0000
__size_of_lcdWriteString        (abs)        0000
__size_of_lcdWriteToDigitBCD    (abs)        0000
__size_of_main                  (abs)        0000
__size_of_ser_init              (abs)        0000
__size_of_setupADC              (abs)        0000
__size_of_setupLCD              (abs)        0000
__size_of_setupSPI              (abs)        0000
__stringbase                    strings      068D
__stringtab                     strings      0688
_adcRAW                         bssBANK0     0024
_angle                          bssCOMMON    0070
_c                              bssBANK0     002E
_distance                       bssBANK0     0026
_down                           bssBANK0     002F
_highByte                       bssCOMMON    0074
_intersection_Orientation       bssBANK0     0030
_isr                            text12       05DA
_lcdSetCursor                   text8        067F
_lcdWriteControl                text9        0625
_lcdWriteData                   text7        0639
_lcdWriteString                 text6        05BA
_lcdWriteToDigitBCD             text5        0422
_left                           bssBANK0     0031
_lowByte                        bssCOMMON    0073
_main                           maintext     036F
_mazeGrid                       dataBANK1    00D0
_mazeGridDefault                dataBANK3    01C0
_orientation                    bssBANK0     0032
_orientation_path               bssBANK0     0033
_path                           dataBANK1    00A0
_pathCount                      bssBANK0     0034
_pathCountShortest              dataBANK0    0065
_r                              bssBANK0     0035
_right                          bssBANK0     0038
_ser_init                       text4        0670
_setupADC                       text3        060F
_setupLCD                       text2        0591
_setupSPI                       text1        05F6
_shortest_path                  dataBANK3    0190
_squareWalls                    dataBANK2    0110
_time_count                     bssBANK0     0028
_up                             bssBANK0     003B
_x                              dataBANK0    0066
_x_origin                       bssBANK0     003C
_x_path                         bssBANK0     003D
_x_test                         bssBANK0     003F
_y                              bssBANK0     0040
_y_origin                       bssBANK0     0041
_y_path                         bssBANK0     0042
_y_test                         bssBANK0     0044
btemp                           (abs)        007E
clear_ram0                      clrtext      0690
end_of_initialization           cinit        0055
init_fetch0                     inittext     065F
init_ram0                       inittext     0663
interrupt_function              intentry     0004
intlevel0                       functab      0000
intlevel1                       functab      0000
intlevel2                       functab      0000
intlevel3                       functab      0000
intlevel4                       functab      0000
intlevel5                       functab      0000
lcdSetCursor@address            cstackBANK0  0048
lcdWriteControl@databyte        cstackBANK0  0047
lcdWriteData@databyte           cstackBANK0  0047
lcdWriteString@s                cstackBANK0  0049
lcdWriteToDigitBCD@HunsDigit    cstackBANK0  004C
lcdWriteToDigitBCD@OnesDigit    cstackBANK0  0052
lcdWriteToDigitBCD@TenThouDigit cstackBANK0  0050
lcdWriteToDigitBCD@TensDigit    cstackBANK0  004A
lcdWriteToDigitBCD@ThouDigit    cstackBANK0  004E
lcdWriteToDigitBCD@data         cstackBANK0  0048
ltemp                           (abs)        007E
ltemp0                          (abs)        007E
ltemp1                          (abs)        0082
ltemp2                          (abs)        0086
ltemp3                          (abs)        0080
main@a                          cstackBANK0  0062
main@n                          cstackBANK0  0063
main@n_150                      cstackBANK0  0064
reset_vec                       reset_vec    0000
saved_w                         (abs)        007E
stackhi                         (abs)        0000
stacklo                         (abs)        0000
start                           init         0012
start_initialization            cinit        0015
ttemp                           (abs)        007E
ttemp0                          (abs)        007E
ttemp1                          (abs)        0081
ttemp2                          (abs)        0084
ttemp3                          (abs)        0087
ttemp4                          (abs)        007F
wtemp                           (abs)        007E
wtemp0                          (abs)        007E
wtemp1                          (abs)        0080
wtemp2                          (abs)        0082
wtemp3                          (abs)        0084
wtemp4                          (abs)        0086
wtemp5                          (abs)        0088
wtemp6                          (abs)        007F


FUNCTION INFORMATION:

 *************** function _main *****************
 Defined at:
		line 238 in file "main.c"
 Parameters:    Size  Location     Type
		None
 Auto vars:     Size  Location     Type
  n               1   31[BANK0 ] unsigned char 
  n               1   30[BANK0 ] unsigned char 
  a               1   29[BANK0 ] unsigned char 
 Return value:  Size  Location     Type
                  1    wreg      void 
 Registers used:
		wreg, fsr0l, fsr0h, status,2, status,0, btemp+1, pclath, cstack
 Tracked objects:
		On entry : 
		On exit  : 
		Unchanged: 
 Data sizes:     COMMON   BANK0   BANK1   BANK3   BANK2
      Params:         0       0       0       0       0
      Locals:         0       3       0       0       0
      Temps:          0       2       0       0       0
      Totals:         0       5       0       0       0
Total ram usage:        5 bytes
 Hardware stack levels required when called:    3
 This function calls:
		_PathTo
		_lcdSetCursor
		_lcdWriteData
		_lcdWriteString
		_lcdWriteToDigitBCD
		_ser_init
		_setupADC
		_setupLCD
		_setupSPI
 This function is called by:
		Startup code after reset
 This function uses a non-reentrant model


 *************** function _setupSPI *****************
 Defined at:
		line 4 in file "SPI.c"
 Parameters:    Size  Location     Type
		None
 Auto vars:     Size  Location     Type
		None
 Return value:  Size  Location     Type
                  1    wreg      void 
 Registers used:
		wreg
 Tracked objects:
		On entry : 
		On exit  : 
		Unchanged: 
 Data sizes:     COMMON   BANK0   BANK1   BANK3   BANK2
      Params:         0       0       0       0       0
      Locals:         0       0       0       0       0
      Temps:          0       0       0       0       0
      Totals:         0       0       0       0       0
Total ram usage:        0 bytes
 Hardware stack levels used:    1
 Hardware stack levels required when called:    1
 This function calls:
		Nothing
 This function is called by:
		_main
 This function uses a non-reentrant model


 *************** function _setupLCD *****************
 Defined at:
		line 82 in file "LCD.c"
 Parameters:    Size  Location     Type
		None
 Auto vars:     Size  Location     Type
		None
 Return value:  Size  Location     Type
                  1    wreg      void 
 Registers used:
		wreg, status,2, status,0, pclath, cstack
 Tracked objects:
		On entry : 
		On exit  : 
		Unchanged: 
 Data sizes:     COMMON   BANK0   BANK1   BANK3   BANK2
      Params:         0       0       0       0       0
      Locals:         0       0       0       0       0
      Temps:          0       0       0       0       0
      Totals:         0       0       0       0       0
Total ram usage:        0 bytes
 Hardware stack levels used:    1
 Hardware stack levels required when called:    2
 This function calls:
		_lcdWriteControl
 This function is called by:
		_main
 This function uses a non-reentrant model


 *************** function _setupADC *****************
 Defined at:
		line 5 in file "ADC.c"
 Parameters:    Size  Location     Type
		None
 Auto vars:     Size  Location     Type
		None
 Return value:  Size  Location     Type
                  1    wreg      void 
 Registers used:
		wreg, status,2
 Tracked objects:
		On entry : 
		On exit  : 
		Unchanged: 
 Data sizes:     COMMON   BANK0   BANK1   BANK3   BANK2
      Params:         0       0       0       0       0
      Locals:         0       0       0       0       0
      Temps:          0       1       0       0       0
      Totals:         0       1       0       0       0
Total ram usage:        1 bytes
 Hardware stack levels used:    1
 Hardware stack levels required when called:    1
 This function calls:
		Nothing
 This function is called by:
		_main
 This function uses a non-reentrant model


 *************** function _ser_init *****************
 Defined at:
		line 5 in file "ser.c"
 Parameters:    Size  Location     Type
		None
 Auto vars:     Size  Location     Type
		None
 Return value:  Size  Location     Type
                  1    wreg      void 
 Registers used:
		wreg
 Tracked objects:
		On entry : 
		On exit  : 
		Unchanged: 
 Data sizes:     COMMON   BANK0   BANK1   BANK3   BANK2
      Params:         0       0       0       0       0
      Locals:         0       0       0       0       0
      Temps:          0       0       0       0       0
      Totals:         0       0       0       0       0
Total ram usage:        0 bytes
 Hardware stack levels used:    1
 Hardware stack levels required when called:    1
 This function calls:
		Nothing
 This function is called by:
		_main
 This function uses a non-reentrant model


 *************** function _lcdWriteToDigitBCD *****************
 Defined at:
		line 38 in file "LCD.c"
 Parameters:    Size  Location     Type
  data            2    3[BANK0 ] unsigned int 
 Auto vars:     Size  Location     Type
  OnesDigit       2   13[BANK0 ] unsigned int 
  TenThouDigit    2   11[BANK0 ] unsigned int 
  ThouDigit       2    9[BANK0 ] unsigned int 
  HunsDigit       2    7[BANK0 ] unsigned int 
  TensDigit       2    5[BANK0 ] unsigned int 
 Return value:  Size  Location     Type
                  1    wreg      void 
 Registers used:
		wreg, status,2, status,0, pclath, cstack
 Tracked objects:
		On entry : 
		On exit  : 
		Unchanged: 
 Data sizes:     COMMON   BANK0   BANK1   BANK3   BANK2
      Params:         0       2       0       0       0
      Locals:         0      10       0       0       0
      Temps:          0       0       0       0       0
      Totals:         0      12       0       0       0
Total ram usage:       12 bytes
 Hardware stack levels used:    1
 Hardware stack levels required when called:    2
 This function calls:
		_lcdWriteData
 This function is called by:
		_main
		_ADCMain
 This function uses a non-reentrant model


 *************** function _lcdWriteString *****************
 Defined at:
		line 32 in file "LCD.c"
 Parameters:    Size  Location     Type
  s               1    wreg     PTR unsigned char 
		 -> STR_2(2), STR_1(2), 
 Auto vars:     Size  Location     Type
  s               1    4[BANK0 ] PTR unsigned char 
		 -> STR_2(2), STR_1(2), 
 Return value:  Size  Location     Type
                  1    wreg      void 
 Registers used:
		wreg, fsr0l, fsr0h, status,2, status,0, pclath, cstack
 Tracked objects:
		On entry : 
		On exit  : 
		Unchanged: 
 Data sizes:     COMMON   BANK0   BANK1   BANK3   BANK2
      Params:         0       0       0       0       0
      Locals:         0       1       0       0       0
      Temps:          0       1       0       0       0
      Totals:         0       2       0       0       0
Total ram usage:        2 bytes
 Hardware stack levels used:    1
 Hardware stack levels required when called:    2
 This function calls:
		_lcdWriteData
 This function is called by:
		_main
 This function uses a non-reentrant model


 *************** function _lcdWriteData *****************
 Defined at:
		line 16 in file "LCD.c"
 Parameters:    Size  Location     Type
  databyte        1    wreg     unsigned char 
 Auto vars:     Size  Location     Type
  databyte        1    2[BANK0 ] unsigned char 
 Return value:  Size  Location     Type
                  1    wreg      void 
 Registers used:
		wreg
 Tracked objects:
		On entry : 
		On exit  : 
		Unchanged: 
 Data sizes:     COMMON   BANK0   BANK1   BANK3   BANK2
      Params:         0       0       0       0       0
      Locals:         0       1       0       0       0
      Temps:          0       2       0       0       0
      Totals:         0       3       0       0       0
Total ram usage:        3 bytes
 Hardware stack levels used:    1
 Hardware stack levels required when called:    1
 This function calls:
		Nothing
 This function is called by:
		_main
		_lcdWriteString
		_lcdWriteToDigitBCD
 This function uses a non-reentrant model


 *************** function _lcdSetCursor *****************
 Defined at:
		line 27 in file "LCD.c"
 Parameters:    Size  Location     Type
  address         1    wreg     unsigned char 
 Auto vars:     Size  Location     Type
  address         1    3[BANK0 ] unsigned char 
 Return value:  Size  Location     Type
                  1    wreg      void 
 Registers used:
		wreg, status,2, status,0, pclath, cstack
 Tracked objects:
		On entry : 
		On exit  : 
		Unchanged: 
 Data sizes:     COMMON   BANK0   BANK1   BANK3   BANK2
      Params:         0       0       0       0       0
      Locals:         0       1       0       0       0
      Temps:          0       0       0       0       0
      Totals:         0       1       0       0       0
Total ram usage:        1 bytes
 Hardware stack levels used:    1
 Hardware stack levels required when called:    2
 This function calls:
		_lcdWriteControl
 This function is called by:
		_main
		_ADCMain
 This function uses a non-reentrant model


 *************** function _lcdWriteControl *****************
 Defined at:
		line 5 in file "LCD.c"
 Parameters:    Size  Location     Type
  databyte        1    wreg     unsigned char 
 Auto vars:     Size  Location     Type
  databyte        1    2[BANK0 ] unsigned char 
 Return value:  Size  Location     Type
                  1    wreg      void 
 Registers used:
		wreg
 Tracked objects:
		On entry : 
		On exit  : 
		Unchanged: 
 Data sizes:     COMMON   BANK0   BANK1   BANK3   BANK2
      Params:         0       0       0       0       0
      Locals:         0       1       0       0       0
      Temps:          0       2       0       0       0
      Totals:         0       3       0       0       0
Total ram usage:        3 bytes
 Hardware stack levels used:    1
 Hardware stack levels required when called:    1
 This function calls:
		Nothing
 This function is called by:
		_lcdSetCursor
		_setupLCD
 This function uses a non-reentrant model


 *************** function _PathTo *****************
 Defined at:
		line 69 in file "main.c"
 Parameters:    Size  Location     Type
  x_target        1    wreg     unsigned char 
  y_target        1    4[BANK0 ] unsigned char 
 Auto vars:     Size  Location     Type
  x_target        1   12[BANK0 ] unsigned char 
  n               1   26[BANK0 ] unsigned char 
  n               1   25[BANK0 ] unsigned char 
  sum             1   13[BANK0 ] unsigned char 
  loop            2   23[BANK0 ] int 
 Return value:  Size  Location     Type
                  1    wreg      void 
 Registers used:
		wreg, fsr0l, fsr0h, status,2, status,0, btemp+1, pclath, cstack
 Tracked objects:
		On entry : 
		On exit  : 
		Unchanged: 
 Data sizes:     COMMON   BANK0   BANK1   BANK3   BANK2
      Params:         0       1       0       0       0
      Locals:         0      15       0       0       0
      Temps:          0       7       0       0       0
      Totals:         0      23       0       0       0
Total ram usage:       23 bytes
 Hardware stack levels used:    1
 Hardware stack levels required when called:    2
 This function calls:
		___bmul
 This function is called by:
		_main
 This function uses a non-reentrant model


 *************** function ___bmul *****************
 Defined at:
		line 4 in file "C:\Program Files (x86)\Microchip\xc8\v1.38\sources\common\Umul8.c"
 Parameters:    Size  Location     Type
  multiplier      1    wreg     unsigned char 
  multiplicand    1    0[BANK0 ] unsigned char 
 Auto vars:     Size  Location     Type
  multiplier      1    3[BANK0 ] unsigned char 
  product         1    2[BANK0 ] unsigned char 
 Return value:  Size  Location     Type
                  1    wreg      unsigned char 
 Registers used:
		wreg, status,2, status,0
 Tracked objects:
		On entry : 
		On exit  : 
		Unchanged: 
 Data sizes:     COMMON   BANK0   BANK1   BANK3   BANK2
      Params:         0       1       0       0       0
      Locals:         0       2       0       0       0
      Temps:          0       1       0       0       0
      Totals:         0       4       0       0       0
Total ram usage:        4 bytes
 Hardware stack levels used:    1
 Hardware stack levels required when called:    1
 This function calls:
		Nothing
 This function is called by:
		_PathTo
 This function uses a non-reentrant model


 *************** function _isr *****************
 Defined at:
		line 222 in file "main.c"
 Parameters:    Size  Location     Type
		None
 Auto vars:     Size  Location     Type
		None
 Return value:  Size  Location     Type
                  1    wreg      void 
 Registers used:
		wreg, status,2, status,0
 Tracked objects:
		On entry : 
		On exit  : 
		Unchanged: 
 Data sizes:     COMMON   BANK0   BANK1   BANK3   BANK2
      Params:         0       0       0       0       0
      Locals:         0       0       0       0       0
      Temps:          5       0       0       0       0
      Totals:         5       0       0       0       0
Total ram usage:        5 bytes
 Hardware stack levels used:    1
 This function calls:
		Nothing
 This function is called by:
		Interrupt level 1
 This function uses a non-reentrant model



MODULE INFORMATION

Module		Function		Class		Link	Load	Size
ser.c
		_ser_init      		CODE           	0670	0000	16

ser.c estimated size: 16

C:\Program Files (x86)\Microchip\xc8\v1.38\sources\common\Umul8.c
		___bmul        		CODE           	064C	0000	20

C:\Program Files (x86)\Microchip\xc8\v1.38\sources\common\Umul8.c estimated size: 20

shared
		__stringtab    		STRING         	0688	0000	7
		__initialization		CODE           	0015	0000	65

shared estimated size: 72

ADC.c
		_setupADC      		CODE           	060F	0000	23

ADC.c estimated size: 23

SPI.c
		_setupSPI      		CODE           	05F6	0000	26

SPI.c estimated size: 26

main.c
		_main          		CODE           	036F	0000	180
		_isr           		CODE           	05DA	0000	29
		_PathTo        		CODE           	0059	0000	791

main.c estimated size: 1000

LCD.c
		_setupLCD      		CODE           	0591	0000	42
		_lcdSetCursor  		CODE           	067F	0000	10
		_lcdWriteControl		CODE           	0625	0000	21
		_lcdWriteData  		CODE           	0639	0000	20
		_lcdWriteToDigitBCD		CODE           	0422	0000	152
		_lcdWriteString		CODE           	05BA	0000	33

LCD.c estimated size: 278

