Microchip MPLAB XC8 Compiler V1.38 ()

Linker command line:

-W-3 --edf=C:\Program Files (x86)\Microchip\xc8\v1.38\dat\en_msgs.txt -cs \
  -h+dist/default/production\iRobot_Maze.X.production.sym \
  --cmf=dist/default/production\iRobot_Maze.X.production.cmf -z -Q16F877A \
  -oC:\Users\Brendan\AppData\Local\Temp\s1do0.2 \
  -Mdist/default/production/iRobot_Maze.X.production.map -E1 -ver=XC8 \
  -ASTACK=0116h-016fh -pstack=STACK -ACODE=00h-07FFhx4 -ASTRCODE=00h-01FFFh \
  -ASTRING=00h-0FFhx32 -ACONST=00h-0FFhx32 -AENTRY=00h-0FFhx32 \
  -ACOMMON=070h-07Fh -ABANK0=020h-06Fh -ABANK1=0A0h-0EFh \
  -ABANK2=0110h-016Fh -ABANK3=0190h-01EFh \
  -ARAM=020h-06Fh,0A0h-0EFh,0110h-016Fh,0190h-01EFh \
  -AABS1=020h-07Fh,0A0h-0EFh,0110h-016Fh,0190h-01EFh -ASFR0=00h-01Fh \
  -ASFR1=080h-09Fh -ASFR2=0100h-010Fh -ASFR3=0180h-018Fh \
  -preset_vec=00h,intentry=04h,init,end_init -ppowerup=CODE -pcinit=CODE \
  -pfunctab=CODE -ACONFIG=02007h-02007h -pconfig=CONFIG -DCONFIG=2 \
  -AIDLOC=02000h-02003h -pidloc=IDLOC -DIDLOC=2 -AEEDATA=00h-0FFh/02100h \
  -peeprom_data=EEDATA -DEEDATA=2 -DCODE=2 -DSTRCODE=2 -DSTRING=2 -DCONST=2 \
  -DENTRY=2 -k C:\Users\Brendan\AppData\Local\Temp\s1do0.obj \
  dist/default/production\iRobot_Maze.X.production.obj 

Object code version is 3.11

Machine type is 16F877A



                Name                               Link     Load   Length Selector   Space Scale
C:\Users\Brendan\AppData\Local\Temp\s1do0.obj
                end_init                             12       12        3        8       0
                reset_vec                             0        0        3        0       0
                config                             2007     2007        1     400E       0
dist/default/production\iRobot_Maze.X.production.obj
                cinit                                15       15       4A        8       0
                intentry                              4        4        E        8       0
                text21                              A69      A69       22     14D2       0
                text20                              9F4      9F4       13     13E8       0
                text19                              7EC      7EC       14        8       0
                text18                              9A6      9A6        9     134C       0
                text17                              A07      A07       13     140E       0
                text16                              A49      A49       20     1492       0
                text15                              CB4      CB4      34C     1968       0
                text14                              9B9      9B9        C     1372       0
                text13                              B82      B82       8D     1704       0
                text12                              9AF      9AF        A     135E       0
                text11                              B04      B04       3E     1608       0
                text10                              606      606       FC        8       0
                text9                               A8B      A8B       28     1516       0
                text8                               C0F      C0F       A5     181E       0
                text7                               4F1      4F1      115        8       0
                text6                               702      702       EA        8       0
                text5                               9C5      9C5        F     138A       0
                text4                               A1A      A1A       16     1434       0
                text3                               ADB      ADB       29     15B6       0
                text2                               A30      A30       19     1460       0
                text1                               9D4      9D4        F     13A8       0
                maintext                             5F       5F      492        8       0
                cstackBANK0                          4B       4B       1A       20       1
                cstackCOMMON                         71       71        5       70       1
                cstackBANK2                         110      110        6      110       1
                clrtext                             99E      99E        8     133C       0
                inittext                            9E3      9E3       11     13C6       0
                dataBANK3                           190      190       40      190       1
                bssBANK3                            1D0      1D0       20      190       1
                dataBANK1                            A0       A0       28       A0       1
                bssBANK1                             C8       C8       24       A0       1
                dataBANK0                            65       65        7       20       1
                bssBANK0                             20       20       2B       20       1
                bssCOMMON                            76       76        4       70       1
                bitbssCOMMON                        380       70        7       70       1     8
                strings                             800      800       11     1000       0
                idataBANK3                          B42      B42       40     1684       0
                idataBANK1                          AB3      AB3       28     1566       0
                idataBANK0                          997      997        7     132E       0

TOTAL           Name                               Link     Load   Length     Space
        CLASS   STACK          

        CLASS   CODE           
                end_init                             12       12        3         0
                cinit                                15       15       4A         0
                intentry                              4        4        E         0
                reset_vec                             0        0        3         0
                text21                              A69      A69       22         0
                text20                              9F4      9F4       13         0
                text19                              7EC      7EC       14         0
                text18                              9A6      9A6        9         0
                text17                              A07      A07       13         0
                text16                              A49      A49       20         0
                text15                              CB4      CB4      34C         0
                text14                              9B9      9B9        C         0
                text13                              B82      B82       8D         0
                text12                              9AF      9AF        A         0
                text11                              B04      B04       3E         0
                text10                              606      606       FC         0
                text9                               A8B      A8B       28         0
                text8                               C0F      C0F       A5         0
                text7                               4F1      4F1      115         0
                text6                               702      702       EA         0
                text5                               9C5      9C5        F         0
                text4                               A1A      A1A       16         0
                text3                               ADB      ADB       29         0
                text2                               A30      A30       19         0
                text1                               9D4      9D4        F         0
                maintext                             5F       5F      492         0
                clrtext                             99E      99E        8         0
                inittext                            9E3      9E3       11         0
                idataBANK3                          B42      B42       40         0
                idataBANK1                          AB3      AB3       28         0
                idataBANK0                          997      997        7         0

        CLASS   STRCODE        

        CLASS   STRING         
                strings                             800      800       11         0

        CLASS   CONST          

        CLASS   ENTRY          

        CLASS   COMMON         
                cstackCOMMON                         71       71        5         1
                bssCOMMON                            76       76        4         1
                bitbssCOMMON                        380       70        7         1

        CLASS   BANK0          
                cstackBANK0                          4B       4B       1A         1
                dataBANK0                            65       65        7         1
                bssBANK0                             20       20       2B         1

        CLASS   BANK1          
                dataBANK1                            A0       A0       28         1
                bssBANK1                             C8       C8       24         1

        CLASS   BANK2          
                cstackBANK2                         110      110        6         1

        CLASS   BANK3          
                dataBANK3                           190      190       40         1
                bssBANK3                            1D0      1D0       20         1

        CLASS   RAM            

        CLASS   ABS1           
                abs_s1                               7E       7E        2         1

        CLASS   SFR0           

        CLASS   SFR1           

        CLASS   SFR2           

        CLASS   SFR3           

        CLASS   CONFIG         
                config                             2007     2007        1         0

        CLASS   IDLOC          

        CLASS   EEDATA         



SEGMENTS        Name                           Load    Length   Top    Selector   Space  Class     Delta

                reset_vec                      000000  000003  000003         0       0  CODE        2
                intentry                       000004  0007FC  000800         8       0  CODE        2
                bssBANK0                       000020  00004C  00006C        20       1  BANK0       1
                bitbssCOMMON                   000070  00000A  00007A        70       1  COMMON      1
                dataBANK1                      0000A0  00004C  0000EC        A0       1  BANK1       1
                cstackBANK2                    000110  000006  000116       110       1  BANK2       1
                dataBANK3                      000190  000060  0001F0       190       1  BANK3       1
                strings                        000800  000011  000811      1000       0  STRING      2
                idataBANK0                     000997  000007  00099E      132E       0  CODE        2
                clrtext                        00099E  000008  0009A6      133C       0  CODE        2
                text18                         0009A6  000009  0009AF      134C       0  CODE        2
                text12                         0009AF  00000A  0009B9      135E       0  CODE        2
                text14                         0009B9  00000C  0009C5      1372       0  CODE        2
                text5                          0009C5  00000F  0009D4      138A       0  CODE        2
                text1                          0009D4  00000F  0009E3      13A8       0  CODE        2
                inittext                       0009E3  000011  0009F4      13C6       0  CODE        2
                text20                         0009F4  000013  000A07      13E8       0  CODE        2
                text17                         000A07  000013  000A1A      140E       0  CODE        2
                text4                          000A1A  000016  000A30      1434       0  CODE        2
                text2                          000A30  000019  000A49      1460       0  CODE        2
                text16                         000A49  000020  000A69      1492       0  CODE        2
                text21                         000A69  000022  000A8B      14D2       0  CODE        2
                text9                          000A8B  000028  000AB3      1516       0  CODE        2
                idataBANK1                     000AB3  000028  000ADB      1566       0  CODE        2
                text3                          000ADB  000029  000B04      15B6       0  CODE        2
                text11                         000B04  00003E  000B42      1608       0  CODE        2
                idataBANK3                     000B42  000040  000B82      1684       0  CODE        2
                text13                         000B82  00008D  000C0F      1704       0  CODE        2
                text8                          000C0F  0000A5  000CB4      181E       0  CODE        2
                text15                         000CB4  00034C  001000      1968       0  CODE        2
                config                         002007  000001  002008      400E       0  CONFIG      2


UNUSED ADDRESS RANGES

        Name                Unused          Largest block    Delta
        BANK0            006C-006F              4           1
        BANK1            00EC-00EF              4           1
        BANK2            0116-016F             5A           1
        CODE             0003-0003              1           2
                         0811-0996            186
                         1000-1FFF            800
        COMMON           007A-007D              4           1
        CONST            0003-0003              1           2
                         0811-0996             EF
                         1000-1FFF            100
        EEDATA           2100-21FF            100           2
        ENTRY            0003-0003              1           2
                         0811-0996             EF
                         1000-1FFF            100
        IDLOC            2000-2003              4           2
        RAM              006C-006F              4           1
                         00EC-00EF              4
                         0116-016F             5A
        SFR0             0000-001F             20           1
        SFR1             0080-009F             20           1
        SFR2             0100-010F             10           1
        SFR3             0180-018F             10           1
        STACK            0116-016F             5A           1
        STRCODE          0003-0003              1           2
                         0811-0996            186
                         1000-1FFF           1000
        STRING           0003-0003              1           2
                         0811-0996             EF
                         1000-1FFF            100

                                  Symbol Table

?_getSensorData           cstackBANK0  004D
Drive1m@n                 cstackBANK0  0058
Drive1m@omni_IR           cstackBANK0  0059
Drive@radH                cstackBANK0  004D
Drive@radL                cstackBANK0  004E
Drive@speedH              cstackBANK0  004F
Drive@speedL              cstackBANK0  004C
DriveDirect@VelocityLeft  cstackBANK0  004E
DriveDirect@VelocityRight cstackBANK0  004C
DriveDirect@data          cstackBANK0  0051
DriveDirect@data_463      cstackBANK0  0053
PathTo@loop               cstackBANK0  005A
PathTo@sum                cstackBANK0  0059
PathTo@x_target           cstackBANK0  0058
PathTo@y_target           cstackBANK0  0050
TravelPath@n              cstackBANK0  005C
Turn90@direction          cstackBANK0  0058
_ADCON0                   (abs)        001F
_ADCON1                   (abs)        009F
_ADC_ADJUST               bssCOMMON    0078
_ADJUSTED_SPEED_L         bssBANK0     0020
_ADJUSTED_SPEED_R         bssBANK0     0022
_ADRESH                   (abs)        001E
_ADRESL                   (abs)        009E
_CURRENT_SPEED_L          dataBANK0    0065
_CURRENT_SPEED_R          dataBANK0    0067
_Drive                    text9        0A8B
_Drive1m                  text10       0606
_DriveDirect              text13       0B82
_GIE                      (abs)        005F
_GO                       (abs)        00FA
_IR_Wall                  bitbssCOMMON 0380
_LeftSpeedH               bssBANK0     0030
_LeftSpeedL               bssBANK0     0031
_OPTION_REG               (abs)        0081
_PB7Counter               bssBANK0     0032
_PB8Counter               bssBANK0     0033
_PEIE                     (abs)        005E
_PORTA                    (abs)        0005
_PORTB                    (abs)        0006
_PORTC                    (abs)        0007
_PORTD                    (abs)        0008
_PORTE                    (abs)        0009
_PathTo                   text15       0CB4
_RB0                      (abs)        0030
_RB1                      (abs)        0031
_RB2                      (abs)        0032
_RB3                      (abs)        0033
_RC2                      (abs)        003A
_RCIF                     (abs)        0065
_RCREG                    (abs)        001A
_RCSTA                    (abs)        0018
_RE0                      (abs)        0048
_RE1                      (abs)        0049
_RE2                      (abs)        004A
_RightSpeedH              bssBANK0     0034
_RightSpeedL              bssBANK0     0035
_SPBRG                    (abs)        0099
_SSPBUF                   (abs)        0013
_SSPCON                   (abs)        0014
_SSPIF                    (abs)        0063
_SSPSTAT                  (abs)        0094
_TMR0                     (abs)        0001
_TMR0IE                   (abs)        005D
_TMR0IF                   (abs)        005A
_TRISA                    (abs)        0085
_TRISB                    (abs)        0086
_TRISC                    (abs)        0087
_TRISD                    (abs)        0088
_TRISE                    (abs)        0089
_TRMT                     (abs)        04C1
_TXREG                    (abs)        0019
_TXSTA                    (abs)        0098
_TravelPath               text7        04F1
_Turn90                   text8        0C0F
__CFG_BOREN$OFF           (abs)        0000
__CFG_CP$OFF              (abs)        0000
__CFG_CPD$OFF             (abs)        0000
__CFG_FOSC$HS             (abs)        0000
__CFG_LVP$OFF             (abs)        0000
__CFG_PWRTE$OFF           (abs)        0000
__CFG_WDTE$OFF            (abs)        0000
__CFG_WRT$OFF             (abs)        0000
__Habs1                   abs1         0000
__Hbank0                  bank0        0000
__Hbank1                  bank1        0000
__Hbank2                  bank2        0000
__Hbank3                  bank3        0000
__HbitbssCOMMON           bitbssCOMMON 0000
__HbssBANK0               bssBANK0     0000
__HbssBANK1               bssBANK1     0000
__HbssBANK3               bssBANK3     0000
__HbssCOMMON              bssCOMMON    0000
__Hcinit                  cinit        005F
__Hclrtext                clrtext      0000
__Hcode                   code         0000
__Hcommon                 common       0000
__Hconfig                 config       2008
__HcstackBANK0            cstackBANK0  0000
__HcstackBANK2            cstackBANK2  0000
__HcstackCOMMON           cstackCOMMON 0000
__HdataBANK0              dataBANK0    0000
__HdataBANK1              dataBANK1    0000
__HdataBANK3              dataBANK3    0000
__Heeprom_data            eeprom_data  0000
__Hend_init               end_init     0015
__Hfunctab                functab      0000
__HidataBANK0             idataBANK0   0000
__HidataBANK1             idataBANK1   0000
__HidataBANK3             idataBANK3   0000
__Hidloc                  idloc        0000
__Hinit                   init         0012
__Hinittext               inittext     0000
__Hintentry               intentry     0012
__Hmaintext               maintext     0000
__Hpowerup                powerup      0000
__Hram                    ram          0000
__Hreset_vec              reset_vec    0003
__Hsfr0                   sfr0         0000
__Hsfr1                   sfr1         0000
__Hsfr2                   sfr2         0000
__Hsfr3                   sfr3         0000
__Hspace_0                (abs)        2008
__Hspace_1                (abs)        0387
__Hspace_2                (abs)        0000
__Hspace_3                (abs)        0000
__Hstack                  stack        0000
__Hstrings                strings      0000
__Htext                   text         0000
__Labs1                   abs1         0000
__Lbank0                  bank0        0000
__Lbank1                  bank1        0000
__Lbank2                  bank2        0000
__Lbank3                  bank3        0000
__LbitbssCOMMON           bitbssCOMMON 0000
__LbssBANK0               bssBANK0     0000
__LbssBANK1               bssBANK1     0000
__LbssBANK3               bssBANK3     0000
__LbssCOMMON              bssCOMMON    0000
__Lcinit                  cinit        0015
__Lclrtext                clrtext      0000
__Lcode                   code         0000
__Lcommon                 common       0000
__Lconfig                 config       2007
__LcstackBANK0            cstackBANK0  0000
__LcstackBANK2            cstackBANK2  0000
__LcstackCOMMON           cstackCOMMON 0000
__LdataBANK0              dataBANK0    0000
__LdataBANK1              dataBANK1    0000
__LdataBANK3              dataBANK3    0000
__Leeprom_data            eeprom_data  0000
__Lend_init               end_init     0012
__Lfunctab                functab      0000
__LidataBANK0             idataBANK0   0000
__LidataBANK1             idataBANK1   0000
__LidataBANK3             idataBANK3   0000
__Lidloc                  idloc        0000
__Linit                   init         0012
__Linittext               inittext     0000
__Lintentry               intentry     0004
__Lmaintext               maintext     0000
__Lpowerup                powerup      0000
__Lram                    ram          0000
__Lreset_vec              reset_vec    0000
__Lsfr0                   sfr0         0000
__Lsfr1                   sfr1         0000
__Lsfr2                   sfr2         0000
__Lsfr3                   sfr3         0000
__Lspace_0                (abs)        0000
__Lspace_1                (abs)        0000
__Lspace_2                (abs)        0000
__Lspace_3                (abs)        0000
__Lstack                  stack        0000
__Lstrings                strings      0000
__Ltext                   text         0000
__S0                      (abs)        2008
__S1                      (abs)        01F0
__S2                      (abs)        0000
__S3                      (abs)        0000
___bmul                   text20       09F4
___bmul@multiplicand      cstackBANK0  004B
___bmul@multiplier        cstackBANK0  004E
___bmul@product           cstackBANK0  004D
___int_sp                 stack        0000
___latbits                (abs)        0002
___sp                     stack        0000
__end_of_Drive            text9        0AB3
__end_of_Drive1m          text10       0702
__end_of_DriveDirect      text13       0C0F
__end_of_PathTo           text15       1000
__end_of_TravelPath       text7        0606
__end_of_Turn90           text8        0CB4
__end_of___bmul           text20       0A07
__end_of__initialization  cinit        005B
__end_of__stringtab       strings      0806
__end_of_getSensorData    text11       0B42
__end_of_isr              text21       0A8B
__end_of_lcdSetCursor     text18       09AF
__end_of_lcdWriteControl  text19       0800
__end_of_lcdWriteData     text17       0A1A
__end_of_lcdWriteString   text16       0A69
__end_of_main             maintext     04F1
__end_of_re_route         text6        07EC
__end_of_ser_getch        text12       09B9
__end_of_ser_init         text5        09D4
__end_of_ser_putch        text14       09C5
__end_of_setupADC         text4        0A30
__end_of_setupLCD         text3        0B04
__end_of_setupSPI         text2        0A49
__end_of_spi_transfer     text1        09E3
__initialization          cinit        0015
__pbitbssCOMMON           bitbssCOMMON 0380
__pbssBANK0               bssBANK0     0020
__pbssBANK1               bssBANK1     00C8
__pbssBANK3               bssBANK3     01D0
__pbssCOMMON              bssCOMMON    0076
__pcstackBANK0            cstackBANK0  004B
__pcstackBANK2            cstackBANK2  0110
__pcstackCOMMON           cstackCOMMON 0071
__pdataBANK0              dataBANK0    0065
__pdataBANK1              dataBANK1    00A0
__pdataBANK3              dataBANK3    0190
__pidataBANK0             idataBANK0   0997
__pidataBANK1             idataBANK1   0AB3
__pidataBANK3             idataBANK3   0B42
__pintentry               intentry     0004
__pmaintext               maintext     005F
__pstrings                strings      0800
__ptext1                  text1        09D4
__ptext10                 text10       0606
__ptext11                 text11       0B04
__ptext12                 text12       09AF
__ptext13                 text13       0B82
__ptext14                 text14       09B9
__ptext15                 text15       0CB4
__ptext16                 text16       0A49
__ptext17                 text17       0A07
__ptext18                 text18       09A6
__ptext19                 text19       07EC
__ptext2                  text2        0A30
__ptext20                 text20       09F4
__ptext21                 text21       0A69
__ptext3                  text3        0ADB
__ptext4                  text4        0A1A
__ptext5                  text5        09C5
__ptext6                  text6        0702
__ptext7                  text7        04F1
__ptext8                  text8        0C0F
__ptext9                  text9        0A8B
__size_of_Drive           (abs)        0000
__size_of_Drive1m         (abs)        0000
__size_of_DriveDirect     (abs)        0000
__size_of_PathTo          (abs)        0000
__size_of_TravelPath      (abs)        0000
__size_of_Turn90          (abs)        0000
__size_of___bmul          (abs)        0000
__size_of_getSensorData   (abs)        0000
__size_of_isr             (abs)        0000
__size_of_lcdSetCursor    (abs)        0000
__size_of_lcdWriteControl (abs)        0000
__size_of_lcdWriteData    (abs)        0000
__size_of_lcdWriteString  (abs)        0000
__size_of_main            (abs)        0000
__size_of_re_route        (abs)        0000
__size_of_ser_getch       (abs)        0000
__size_of_ser_init        (abs)        0000
__size_of_ser_putch       (abs)        0000
__size_of_setupADC        (abs)        0000
__size_of_setupLCD        (abs)        0000
__size_of_setupSPI        (abs)        0000
__size_of_spi_transfer    (abs)        0000
__stringbase              strings      0805
__stringtab               strings      0800
_adcRAW                   bssCOMMON    0076
_angle                    bssBANK0     0026
_c                        bssBANK0     0036
_distance                 bssBANK0     0028
_down                     bitbssCOMMON 0381
_getSensorData            text11       0B04
_gridWalls                dataBANK3    0190
_highByte                 bssBANK0     004A
_intersection_orientation bssBANK0     0037
_isr                      text21       0A69
_lcdSetCursor             text18       09A6
_lcdWriteControl          text19       07EC
_lcdWriteData             text17       0A07
_lcdWriteString           text16       0A49
_left                     bitbssCOMMON 0382
_loop                     bssBANK0     002A
_lowByte                  bssBANK0     0038
_main                     maintext     005F
_mazeGrid                 dataBANK1    00A0
_mazeGridDefault          dataBANK1    00B4
_orientation              dataBANK0    0069
_orientation_path         bssBANK0     0039
_path                     bssBANK3     01D0
_pathCount                bssBANK0     003A
_pathCountShortest        dataBANK0    006A
_pathShortest             bssBANK1     00C8
_r                        bssBANK0     003B
_re_route                 text6        0702
_reset_flag               bitbssCOMMON 0383
_right                    bitbssCOMMON 0384
_ser_getch                text12       09AF
_ser_init                 text5        09C5
_ser_putch                text14       09B9
_setupADC                 text4        0A1A
_setupLCD                 text3        0ADB
_setupSPI                 text2        0A30
_spi_transfer             text1        09D4
_targets                  bssBANK0     0040
_targets_found            bitbssCOMMON 0385
_time_count               bssBANK0     002C
_up                       bitbssCOMMON 0386
_x                        dataBANK0    006B
_x_goto                   bssBANK0     0041
_x_int                    bssBANK0     0042
_x_path                   bssBANK0     0043
_x_target                 bssBANK0     0044
_y                        bssBANK0     0045
_y_goto                   bssBANK0     0046
_y_int                    bssBANK0     0047
_y_path                   bssBANK0     0048
_y_target                 bssBANK0     0049
btemp                     (abs)        007E
clear_ram0                clrtext      099E
end_of_initialization     cinit        005B
getSensorData@bytes       cstackBANK0  004D
getSensorData@packetID    cstackBANK0  0051
getSensorData@sensor      cstackBANK0  0052
init_fetch0               inittext     09E3
init_ram0                 inittext     09E7
interrupt_function        intentry     0004
intlevel0                 functab      0000
intlevel1                 functab      0000
intlevel2                 functab      0000
intlevel3                 functab      0000
intlevel4                 functab      0000
intlevel5                 functab      0000
lcdSetCursor@address      cstackBANK0  004E
lcdWriteControl@databyte  cstackBANK0  004D
lcdWriteData@databyte     cstackBANK0  004D
lcdWriteString@s          cstackBANK0  004F
ltemp                     (abs)        007E
ltemp0                    (abs)        007E
ltemp1                    (abs)        0082
ltemp2                    (abs)        0086
ltemp3                    (abs)        0080
main@controlByte          cstackBANK2  0110
main@fifth                cstackBANK2  0115
main@first                cstackBANK2  0111
main@fourth               cstackBANK2  0114
main@second               cstackBANK2  0112
main@third                cstackBANK2  0113
reset_vec                 reset_vec    0000
saved_w                   (abs)        007E
ser_getch@rxbyte          cstackBANK0  004C
ser_putch@c               cstackBANK0  004B
spi_transfer@data         cstackBANK0  004D
spi_transfer@temp         cstackBANK0  004C
stackhi                   (abs)        0000
stacklo                   (abs)        0000
start                     init         0012
start_initialization      cinit        0015
ttemp                     (abs)        007E
ttemp0                    (abs)        007E
ttemp1                    (abs)        0081
ttemp2                    (abs)        0084
ttemp3                    (abs)        0087
ttemp4                    (abs)        007F
wtemp                     (abs)        007E
wtemp0                    (abs)        007E
wtemp1                    (abs)        0080
wtemp2                    (abs)        0082
wtemp3                    (abs)        0084
wtemp4                    (abs)        0086
wtemp5                    (abs)        0088
wtemp6                    (abs)        007F


FUNCTION INFORMATION:

 *************** function _main *****************
 Defined at:
		line 463 in file "main.c"
 Parameters:    Size  Location     Type
		None
 Auto vars:     Size  Location     Type
  fifth           1    5[BANK2 ] unsigned char 
  fourth          1    4[BANK2 ] unsigned char 
  third           1    3[BANK2 ] unsigned char 
  second          1    2[BANK2 ] unsigned char 
  first           1    1[BANK2 ] unsigned char 
  controlByte     1    0[BANK2 ] unsigned char 
 Return value:  Size  Location     Type
                  1    wreg      void 
 Registers used:
		wreg, fsr0l, fsr0h, status,2, status,0, btemp+1, pclath, cstack
 Tracked objects:
		On entry : 
		On exit  : 
		Unchanged: 
 Data sizes:     COMMON   BANK0   BANK1   BANK3   BANK2
      Params:         0       0       0       0       0
      Locals:         0       0       0       0       6
      Temps:          0       3       0       0       0
      Totals:         0       3       0       0       6
Total ram usage:        9 bytes
 Hardware stack levels required when called:    6
 This function calls:
		_PathTo
		_TravelPath
		_re_route
		_ser_init
		_ser_putch
		_setupADC
		_setupLCD
		_setupSPI
		_spi_transfer
 This function is called by:
		Startup code after reset
 This function uses a non-reentrant model


 *************** function _spi_transfer *****************
 Defined at:
		line 22 in file "SPI.c"
 Parameters:    Size  Location     Type
  data            1    wreg     unsigned char 
 Auto vars:     Size  Location     Type
  data            1    2[BANK0 ] unsigned char 
  temp            1    1[BANK0 ] unsigned char 
 Return value:  Size  Location     Type
                  1    wreg      unsigned char 
 Registers used:
		wreg, status,2
 Tracked objects:
		On entry : 
		On exit  : 
		Unchanged: 
 Data sizes:     COMMON   BANK0   BANK1   BANK3   BANK2
      Params:         0       0       0       0       0
      Locals:         0       2       0       0       0
      Temps:          0       1       0       0       0
      Totals:         0       3       0       0       0
Total ram usage:        3 bytes
 Hardware stack levels used:    1
 Hardware stack levels required when called:    1
 This function calls:
		Nothing
 This function is called by:
		_main
		_stepCCW
		_stepCW
 This function uses a non-reentrant model


 *************** function _setupSPI *****************
 Defined at:
		line 4 in file "SPI.c"
 Parameters:    Size  Location     Type
		None
 Auto vars:     Size  Location     Type
		None
 Return value:  Size  Location     Type
                  1    wreg      void 
 Registers used:
		wreg
 Tracked objects:
		On entry : 
		On exit  : 
		Unchanged: 
 Data sizes:     COMMON   BANK0   BANK1   BANK3   BANK2
      Params:         0       0       0       0       0
      Locals:         0       0       0       0       0
      Temps:          0       0       0       0       0
      Totals:         0       0       0       0       0
Total ram usage:        0 bytes
 Hardware stack levels used:    1
 Hardware stack levels required when called:    1
 This function calls:
		Nothing
 This function is called by:
		_main
 This function uses a non-reentrant model


 *************** function _setupLCD *****************
 Defined at:
		line 86 in file "LCD.c"
 Parameters:    Size  Location     Type
		None
 Auto vars:     Size  Location     Type
		None
 Return value:  Size  Location     Type
                  1    wreg      void 
 Registers used:
		wreg, status,2, status,0, pclath, cstack
 Tracked objects:
		On entry : 
		On exit  : 
		Unchanged: 
 Data sizes:     COMMON   BANK0   BANK1   BANK3   BANK2
      Params:         0       0       0       0       0
      Locals:         0       0       0       0       0
      Temps:          0       0       0       0       0
      Totals:         0       0       0       0       0
Total ram usage:        0 bytes
 Hardware stack levels used:    1
 Hardware stack levels required when called:    2
 This function calls:
		_lcdWriteControl
 This function is called by:
		_main
 This function uses a non-reentrant model


 *************** function _setupADC *****************
 Defined at:
		line 5 in file "ADC.c"
 Parameters:    Size  Location     Type
		None
 Auto vars:     Size  Location     Type
		None
 Return value:  Size  Location     Type
                  1    wreg      void 
 Registers used:
		wreg, status,2
 Tracked objects:
		On entry : 
		On exit  : 
		Unchanged: 
 Data sizes:     COMMON   BANK0   BANK1   BANK3   BANK2
      Params:         0       0       0       0       0
      Locals:         0       0       0       0       0
      Temps:          0       1       0       0       0
      Totals:         0       1       0       0       0
Total ram usage:        1 bytes
 Hardware stack levels used:    1
 Hardware stack levels required when called:    1
 This function calls:
		Nothing
 This function is called by:
		_main
 This function uses a non-reentrant model


 *************** function _ser_init *****************
 Defined at:
		line 5 in file "ser.c"
 Parameters:    Size  Location     Type
		None
 Auto vars:     Size  Location     Type
		None
 Return value:  Size  Location     Type
                  1    wreg      void 
 Registers used:
		wreg
 Tracked objects:
		On entry : 
		On exit  : 
		Unchanged: 
 Data sizes:     COMMON   BANK0   BANK1   BANK3   BANK2
      Params:         0       0       0       0       0
      Locals:         0       0       0       0       0
      Temps:          0       0       0       0       0
      Totals:         0       0       0       0       0
Total ram usage:        0 bytes
 Hardware stack levels used:    1
 Hardware stack levels required when called:    1
 This function calls:
		Nothing
 This function is called by:
		_main
 This function uses a non-reentrant model


 *************** function _re_route *****************
 Defined at:
		line 421 in file "main.c"
 Parameters:    Size  Location     Type
		None
 Auto vars:     Size  Location     Type
		None
 Return value:  Size  Location     Type
                  1    wreg      void 
 Registers used:
		wreg, fsr0l, fsr0h, status,2, status,0, btemp+1, pclath, cstack
 Tracked objects:
		On entry : 
		On exit  : 
		Unchanged: 
 Data sizes:     COMMON   BANK0   BANK1   BANK3   BANK2
      Params:         0       0       0       0       0
      Locals:         0       0       0       0       0
      Temps:          0       5       0       0       0
      Totals:         0       5       0       0       0
Total ram usage:        5 bytes
 Hardware stack levels used:    1
 Hardware stack levels required when called:    5
 This function calls:
		_DriveDirect
		_PathTo
		_TravelPath
		_Turn90
		___bmul
		_getSensorData
 This function is called by:
		_main
 This function uses a non-reentrant model


 *************** function _TravelPath *****************
 Defined at:
		line 354 in file "main.c"
 Parameters:    Size  Location     Type
		None
 Auto vars:     Size  Location     Type
  n               1   17[BANK0 ] unsigned char 
 Return value:  Size  Location     Type
                  1    wreg      void 
 Registers used:
		wreg, fsr0l, fsr0h, status,2, status,0, btemp+1, pclath, cstack
 Tracked objects:
		On entry : 
		On exit  : 
		Unchanged: 
 Data sizes:     COMMON   BANK0   BANK1   BANK3   BANK2
      Params:         0       0       0       0       0
      Locals:         0       1       0       0       0
      Temps:          0       2       0       0       0
      Totals:         0       3       0       0       0
Total ram usage:        3 bytes
 Hardware stack levels used:    1
 Hardware stack levels required when called:    4
 This function calls:
		_Drive1m
		_Turn90
 This function is called by:
		_re_route
		_main
 This function uses a non-reentrant model


 *************** function _Turn90 *****************
 Defined at:
		line 323 in file "main.c"
 Parameters:    Size  Location     Type
  direction       1    wreg     unsigned char 
 Auto vars:     Size  Location     Type
  direction       1   13[BANK0 ] unsigned char 
 Return value:  Size  Location     Type
                  1    wreg      void 
 Registers used:
		wreg, status,2, status,0, btemp+1, pclath, cstack
 Tracked objects:
		On entry : 
		On exit  : 
		Unchanged: 
 Data sizes:     COMMON   BANK0   BANK1   BANK3   BANK2
      Params:         0       0       0       0       0
      Locals:         0       1       0       0       0
      Temps:          0       3       0       0       0
      Totals:         0       4       0       0       0
Total ram usage:        4 bytes
 Hardware stack levels used:    1
 Hardware stack levels required when called:    3
 This function calls:
		_Drive
		_DriveDirect
		_getSensorData
 This function is called by:
		_TravelPath
		_re_route
 This function uses a non-reentrant model


 *************** function _Drive *****************
 Defined at:
		line 45 in file "ser.c"
 Parameters:    Size  Location     Type
  speedH          1    wreg     unsigned char 
  speedL          1    1[BANK0 ] unsigned char 
  radH            1    2[BANK0 ] unsigned char 
  radL            1    3[BANK0 ] unsigned char 
 Auto vars:     Size  Location     Type
  speedH          1    4[BANK0 ] unsigned char 
 Return value:  Size  Location     Type
                  1    wreg      void 
 Registers used:
		wreg, status,2, status,0, pclath, cstack
 Tracked objects:
		On entry : 
		On exit  : 
		Unchanged: 
 Data sizes:     COMMON   BANK0   BANK1   BANK3   BANK2
      Params:         0       3       0       0       0
      Locals:         0       1       0       0       0
      Temps:          0       0       0       0       0
      Totals:         0       4       0       0       0
Total ram usage:        4 bytes
 Hardware stack levels used:    1
 Hardware stack levels required when called:    2
 This function calls:
		_ser_putch
 This function is called by:
		_Turn90
 This function uses a non-reentrant model


 *************** function _Drive1m *****************
 Defined at:
		line 246 in file "main.c"
 Parameters:    Size  Location     Type
		None
 Auto vars:     Size  Location     Type
  omni_IR         1   14[BANK0 ] unsigned char 
  n               1   13[BANK0 ] unsigned char 
 Return value:  Size  Location     Type
                  1    wreg      void 
 Registers used:
		wreg, fsr0l, fsr0h, status,2, status,0, btemp+1, pclath, cstack
 Tracked objects:
		On entry : 
		On exit  : 
		Unchanged: 
 Data sizes:     COMMON   BANK0   BANK1   BANK3   BANK2
      Params:         0       0       0       0       0
      Locals:         0       2       0       0       0
      Temps:          0       3       0       0       0
      Totals:         0       5       0       0       0
Total ram usage:        5 bytes
 Hardware stack levels used:    1
 Hardware stack levels required when called:    3
 This function calls:
		_DriveDirect
		_getSensorData
		_ser_putch
 This function is called by:
		_TravelPath
 This function uses a non-reentrant model


 *************** function _getSensorData *****************
 Defined at:
		line 85 in file "ser.c"
 Parameters:    Size  Location     Type
  packetID        1    wreg     unsigned char 
  bytes           1    2[BANK0 ] unsigned char 
 Auto vars:     Size  Location     Type
  packetID        1    6[BANK0 ] unsigned char 
  sensor          2    7[BANK0 ] int 
 Return value:  Size  Location     Type
                  2    2[BANK0 ] int 
 Registers used:
		wreg, status,2, status,0, btemp+1, pclath, cstack
 Tracked objects:
		On entry : 
		On exit  : 
		Unchanged: 
 Data sizes:     COMMON   BANK0   BANK1   BANK3   BANK2
      Params:         0       2       0       0       0
      Locals:         0       3       0       0       0
      Temps:          0       2       0       0       0
      Totals:         0       7       0       0       0
Total ram usage:        7 bytes
 Hardware stack levels used:    1
 Hardware stack levels required when called:    2
 This function calls:
		_ser_getch
		_ser_putch
 This function is called by:
		_Drive1m
		_Turn90
		_re_route
 This function uses a non-reentrant model


 *************** function _ser_getch *****************
 Defined at:
		line 35 in file "ser.c"
 Parameters:    Size  Location     Type
		None
 Auto vars:     Size  Location     Type
  rxbyte          1    1[BANK0 ] unsigned char 
 Return value:  Size  Location     Type
                  1    wreg      unsigned char 
 Registers used:
		wreg
 Tracked objects:
		On entry : 
		On exit  : 
		Unchanged: 
 Data sizes:     COMMON   BANK0   BANK1   BANK3   BANK2
      Params:         0       0       0       0       0
      Locals:         0       1       0       0       0
      Temps:          0       1       0       0       0
      Totals:         0       2       0       0       0
Total ram usage:        2 bytes
 Hardware stack levels used:    1
 Hardware stack levels required when called:    1
 This function calls:
		Nothing
 This function is called by:
		_getSensorData
 This function uses a non-reentrant model


 *************** function _DriveDirect *****************
 Defined at:
		line 54 in file "ser.c"
 Parameters:    Size  Location     Type
  VelocityRigh    2    1[BANK0 ] int 
  VelocityLeft    2    3[BANK0 ] int 
 Auto vars:     Size  Location     Type
  data            2    8[BANK0 ] unsigned int 
  data            2    6[BANK0 ] unsigned int 
 Return value:  Size  Location     Type
                  1    wreg      void 
 Registers used:
		wreg, status,2, status,0, btemp+1, pclath, cstack
 Tracked objects:
		On entry : 
		On exit  : 
		Unchanged: 
 Data sizes:     COMMON   BANK0   BANK1   BANK3   BANK2
      Params:         0       4       0       0       0
      Locals:         0       4       0       0       0
      Temps:          0       1       0       0       0
      Totals:         0       9       0       0       0
Total ram usage:        9 bytes
 Hardware stack levels used:    1
 Hardware stack levels required when called:    2
 This function calls:
		_ser_putch
 This function is called by:
		_Drive1m
		_Turn90
		_re_route
		_wallFollow
 This function uses a non-reentrant model


 *************** function _ser_putch *****************
 Defined at:
		line 30 in file "ser.c"
 Parameters:    Size  Location     Type
  c               1    wreg     unsigned char 
 Auto vars:     Size  Location     Type
  c               1    0[BANK0 ] unsigned char 
 Return value:  Size  Location     Type
                  1    wreg      void 
 Registers used:
		wreg
 Tracked objects:
		On entry : 
		On exit  : 
		Unchanged: 
 Data sizes:     COMMON   BANK0   BANK1   BANK3   BANK2
      Params:         0       0       0       0       0
      Locals:         0       1       0       0       0
      Temps:          0       0       0       0       0
      Totals:         0       1       0       0       0
Total ram usage:        1 bytes
 Hardware stack levels used:    1
 Hardware stack levels required when called:    1
 This function calls:
		Nothing
 This function is called by:
		_Drive1m
		_main
		_Drive
		_DriveDirect
		_getSensorData
 This function uses a non-reentrant model


 *************** function _PathTo *****************
 Defined at:
		line 46 in file "main.c"
 Parameters:    Size  Location     Type
  x_target        1    wreg     unsigned char 
  y_target        1    5[BANK0 ] unsigned char 
 Auto vars:     Size  Location     Type
  x_target        1   13[BANK0 ] unsigned char 
  sum             1   14[BANK0 ] unsigned char 
  loop            2   15[BANK0 ] int 
 Return value:  Size  Location     Type
                  1    wreg      void 
 Registers used:
		wreg, fsr0l, fsr0h, status,2, status,0, btemp+1, pclath, cstack
 Tracked objects:
		On entry : 
		On exit  : 
		Unchanged: 
 Data sizes:     COMMON   BANK0   BANK1   BANK3   BANK2
      Params:         0       1       0       0       0
      Locals:         0       4       0       0       0
      Temps:          0       7       0       0       0
      Totals:         0      12       0       0       0
Total ram usage:       12 bytes
 Hardware stack levels used:    1
 Hardware stack levels required when called:    3
 This function calls:
		___bmul
		_lcdSetCursor
		_lcdWriteString
 This function is called by:
		_re_route
		_main
 This function uses a non-reentrant model


 *************** function _lcdWriteString *****************
 Defined at:
		line 32 in file "LCD.c"
 Parameters:    Size  Location     Type
  s               1    wreg     PTR unsigned char 
		 -> STR_1(11), 
 Auto vars:     Size  Location     Type
  s               1    4[BANK0 ] PTR unsigned char 
		 -> STR_1(11), 
 Return value:  Size  Location     Type
                  1    wreg      void 
 Registers used:
		wreg, fsr0l, fsr0h, status,2, status,0, pclath, cstack
 Tracked objects:
		On entry : 
		On exit  : 
		Unchanged: 
 Data sizes:     COMMON   BANK0   BANK1   BANK3   BANK2
      Params:         0       0       0       0       0
      Locals:         0       1       0       0       0
      Temps:          0       1       0       0       0
      Totals:         0       2       0       0       0
Total ram usage:        2 bytes
 Hardware stack levels used:    1
 Hardware stack levels required when called:    2
 This function calls:
		_lcdWriteData
 This function is called by:
		_PathTo
 This function uses a non-reentrant model


 *************** function _lcdWriteData *****************
 Defined at:
		line 16 in file "LCD.c"
 Parameters:    Size  Location     Type
  databyte        1    wreg     unsigned char 
 Auto vars:     Size  Location     Type
  databyte        1    2[BANK0 ] unsigned char 
 Return value:  Size  Location     Type
                  1    wreg      void 
 Registers used:
		wreg
 Tracked objects:
		On entry : 
		On exit  : 
		Unchanged: 
 Data sizes:     COMMON   BANK0   BANK1   BANK3   BANK2
      Params:         0       0       0       0       0
      Locals:         0       1       0       0       0
      Temps:          0       2       0       0       0
      Totals:         0       3       0       0       0
Total ram usage:        3 bytes
 Hardware stack levels used:    1
 Hardware stack levels required when called:    1
 This function calls:
		Nothing
 This function is called by:
		_lcdWriteString
		_lcdWriteToDigitBCD
 This function uses a non-reentrant model


 *************** function _lcdSetCursor *****************
 Defined at:
		line 27 in file "LCD.c"
 Parameters:    Size  Location     Type
  address         1    wreg     unsigned char 
 Auto vars:     Size  Location     Type
  address         1    3[BANK0 ] unsigned char 
 Return value:  Size  Location     Type
                  1    wreg      void 
 Registers used:
		wreg, status,2, status,0, pclath, cstack
 Tracked objects:
		On entry : 
		On exit  : 
		Unchanged: 
 Data sizes:     COMMON   BANK0   BANK1   BANK3   BANK2
      Params:         0       0       0       0       0
      Locals:         0       1       0       0       0
      Temps:          0       0       0       0       0
      Totals:         0       1       0       0       0
Total ram usage:        1 bytes
 Hardware stack levels used:    1
 Hardware stack levels required when called:    2
 This function calls:
		_lcdWriteControl
 This function is called by:
		_PathTo
 This function uses a non-reentrant model


 *************** function _lcdWriteControl *****************
 Defined at:
		line 5 in file "LCD.c"
 Parameters:    Size  Location     Type
  databyte        1    wreg     unsigned char 
 Auto vars:     Size  Location     Type
  databyte        1    2[BANK0 ] unsigned char 
 Return value:  Size  Location     Type
                  1    wreg      void 
 Registers used:
		wreg
 Tracked objects:
		On entry : 
		On exit  : 
		Unchanged: 
 Data sizes:     COMMON   BANK0   BANK1   BANK3   BANK2
      Params:         0       0       0       0       0
      Locals:         0       1       0       0       0
      Temps:          0       2       0       0       0
      Totals:         0       3       0       0       0
Total ram usage:        3 bytes
 Hardware stack levels used:    1
 Hardware stack levels required when called:    1
 This function calls:
		Nothing
 This function is called by:
		_lcdSetCursor
		_setupLCD
 This function uses a non-reentrant model


 *************** function ___bmul *****************
 Defined at:
		line 4 in file "C:\Program Files (x86)\Microchip\xc8\v1.38\sources\common\Umul8.c"
 Parameters:    Size  Location     Type
  multiplier      1    wreg     unsigned char 
  multiplicand    1    0[BANK0 ] unsigned char 
 Auto vars:     Size  Location     Type
  multiplier      1    3[BANK0 ] unsigned char 
  product         1    2[BANK0 ] unsigned char 
 Return value:  Size  Location     Type
                  1    wreg      unsigned char 
 Registers used:
		wreg, status,2, status,0
 Tracked objects:
		On entry : 
		On exit  : 
		Unchanged: 
 Data sizes:     COMMON   BANK0   BANK1   BANK3   BANK2
      Params:         0       1       0       0       0
      Locals:         0       2       0       0       0
      Temps:          0       1       0       0       0
      Totals:         0       4       0       0       0
Total ram usage:        4 bytes
 Hardware stack levels used:    1
 Hardware stack levels required when called:    1
 This function calls:
		Nothing
 This function is called by:
		_PathTo
		_re_route
 This function uses a non-reentrant model


 *************** function _isr *****************
 Defined at:
		line 450 in file "main.c"
 Parameters:    Size  Location     Type
		None
 Auto vars:     Size  Location     Type
		None
 Return value:  Size  Location     Type
                  1    wreg      void 
 Registers used:
		wreg, status,2, status,0
 Tracked objects:
		On entry : 
		On exit  : 
		Unchanged: 
 Data sizes:     COMMON   BANK0   BANK1   BANK3   BANK2
      Params:         0       0       0       0       0
      Locals:         0       0       0       0       0
      Temps:          5       0       0       0       0
      Totals:         5       0       0       0       0
Total ram usage:        5 bytes
 Hardware stack levels used:    1
 This function calls:
		Nothing
 This function is called by:
		Interrupt level 1
 This function uses a non-reentrant model



MODULE INFORMATION

Module		Function		Class		Link	Load	Size
ser.c
		_Drive         		CODE           	0A8B	0000	41
		_ser_init      		CODE           	09C5	0000	16
		_ser_getch     		CODE           	09AF	0000	11
		_ser_putch     		CODE           	09B9	0000	13
		_getSensorData 		CODE           	0B04	0000	63
		_DriveDirect   		CODE           	0B82	0000	142

ser.c estimated size: 286

C:\Program Files (x86)\Microchip\xc8\v1.38\sources\common\Umul8.c
		___bmul        		CODE           	09F4	0000	20

C:\Program Files (x86)\Microchip\xc8\v1.38\sources\common\Umul8.c estimated size: 20

shared
		__stringtab    		STRING         	0800	0000	7
		__initialization		CODE           	0015	0000	71

shared estimated size: 78

ADC.c
		_setupADC      		CODE           	0A1A	0000	23

ADC.c estimated size: 23

SPI.c
		_spi_transfer  		CODE           	09D4	0000	16
		_setupSPI      		CODE           	0A30	0000	26

SPI.c estimated size: 42

main.c
		_Drive1m       		CODE           	0606	0000	253
		_Turn90        		CODE           	0C0F	0000	166
		_main          		CODE           	005F	0000	1171
		_TravelPath    		CODE           	04F1	0000	278
		_re_route      		CODE           	0702	0000	235
		_isr           		CODE           	0A69	0000	35
		_PathTo        		CODE           	0CB4	0000	845

main.c estimated size: 2983

LCD.c
		_setupLCD      		CODE           	0ADB	0000	42
		_lcdSetCursor  		CODE           	09A6	0000	10
		_lcdWriteControl		CODE           	07EC	0000	21
		_lcdWriteData  		CODE           	0A07	0000	20
		_lcdWriteString		CODE           	0A49	0000	33

LCD.c estimated size: 126

