Microchip MPLAB XC8 Compiler V1.38 ()

Linker command line:

-W-3 --edf=C:\Program Files (x86)\Microchip\xc8\v1.38\dat\en_msgs.txt -cs \
  -h+dist/default/production\iRobot_Maze.X.production.sym \
  --cmf=dist/default/production\iRobot_Maze.X.production.cmf -z -Q16F877A \
  -oC:\Users\liamd\AppData\Local\Temp\s6ak.2 \
  -Mdist/default/production/iRobot_Maze.X.production.map -E1 -ver=XC8 \
  -ASTACK=0150h-016fh -pstack=STACK -ACODE=00h-07FFhx4 -ASTRCODE=00h-01FFFh \
  -ASTRING=00h-0FFhx32 -ACONST=00h-0FFhx32 -AENTRY=00h-0FFhx32 \
  -ACOMMON=070h-07Fh -ABANK0=020h-06Fh -ABANK1=0A0h-0EFh \
  -ABANK2=0110h-016Fh -ABANK3=0190h-01EFh \
  -ARAM=020h-06Fh,0A0h-0EFh,0110h-016Fh,0190h-01EFh \
  -AABS1=020h-07Fh,0A0h-0EFh,0110h-016Fh,0190h-01EFh -ASFR0=00h-01Fh \
  -ASFR1=080h-09Fh -ASFR2=0100h-010Fh -ASFR3=0180h-018Fh \
  -preset_vec=00h,intentry=04h,init,end_init -ppowerup=CODE -pcinit=CODE \
  -pfunctab=CODE -ACONFIG=02007h-02007h -pconfig=CONFIG -DCONFIG=2 \
  -AIDLOC=02000h-02003h -pidloc=IDLOC -DIDLOC=2 -AEEDATA=00h-0FFh/02100h \
  -peeprom_data=EEDATA -DEEDATA=2 -DCODE=2 -DSTRCODE=2 -DSTRING=2 -DCONST=2 \
  -DENTRY=2 -k C:\Users\liamd\AppData\Local\Temp\s6ak.obj \
  dist/default/production\iRobot_Maze.X.production.obj 

Object code version is 3.11

Machine type is 16F877A



                Name                               Link     Load   Length Selector   Space Scale
C:\Users\liamd\AppData\Local\Temp\s6ak.obj
                end_init                             12       12        3        8       0
                reset_vec                             0        0        3        0       0
                config                             2007     2007        1     400E       0
dist/default/production\iRobot_Maze.X.production.obj
                cinit                                15       15       4A        8       0
                intentry                              4        4        E        8       0
                text27                              8D4      8D4       26     11A8       0
                text26                              813      813       13     1026       0
                text25                              839      839       14     1072       0
                text24                             17C1     17C1        9     2F82       0
                text23                              826      826       13     104C       0
                text22                              891      891       20     1122       0
                text21                              47C      47C      34B        8       0
                text20                             17CA     17CA        A     2F94       0
                text19                             17D4     17D4        C     2FA8       0
                text18                              94A      94A       3E     1294       0
                text17                              A06      A06       45     140C       0
                text16                              AD8      AD8       9B     15B0       0
                text15                              84D      84D       15     109A       0
                text14                              A4B      A4B       8D     1496       0
                text13                              988      988       3E     1310       0
                text12                              8B1      8B1       23     1162       0
                text11                              DE6      DE6      105     1BCC       0
                text10                              C14      C14       E8     1828       0
                text9                               8FA      8FA       28     11F4       0
                text8                               B73      B73       A1     16E6       0
                text7                               EEB      EEB      115     1DD6       0
                text6                               CFC      CFC       EA     19F8       0
                text5                              17E0     17E0        F     2FC0       0
                text4                               862      862       16     10C4       0
                text3                               7C7      7C7       29        8       0
                text2                               878      878       19     10F0       0
                text1                               7F0      7F0        F        8       0
                maintext                             5F       5F      41D        8       0
                cstackBANK0                          20       20       25       20       1
                cstackCOMMON                         71       71        5       70       1
                cstackBANK1                          D6       D6        6       A0       1
                clrtext                            17B9     17B9        8     2F72       0
                inittext                           17EF     17EF       11     2FDE       0
                dataBANK2                           110      110       40      110       1
                bssBANK3                            190      190       40      190       1
                dataBANK1                            A0       A0       28       A0       1
                bssBANK1                             C8       C8        E       A0       1
                dataBANK0                            66       66        7       20       1
                bssBANK0                             45       45       21       20       1
                bssCOMMON                            76       76        4       70       1
                bitbssCOMMON                        380       70        7       70       1     8
                strings                             800      800       11     1000       0
                idataBANK2                          9C6      9C6       40     138C       0
                idataBANK1                          922      922       28     1244       0
                idataBANK0                         17B2     17B2        7     2F64       0

TOTAL           Name                               Link     Load   Length     Space
        CLASS   STACK          

        CLASS   CODE           
                end_init                             12       12        3         0
                cinit                                15       15       4A         0
                intentry                              4        4        E         0
                reset_vec                             0        0        3         0
                text27                              8D4      8D4       26         0
                text26                              813      813       13         0
                text25                              839      839       14         0
                text24                             17C1     17C1        9         0
                text23                              826      826       13         0
                text22                              891      891       20         0
                text21                              47C      47C      34B         0
                text20                             17CA     17CA        A         0
                text19                             17D4     17D4        C         0
                text18                              94A      94A       3E         0
                text17                              A06      A06       45         0
                text16                              AD8      AD8       9B         0
                text15                              84D      84D       15         0
                text14                              A4B      A4B       8D         0
                text13                              988      988       3E         0
                text12                              8B1      8B1       23         0
                text11                              DE6      DE6      105         0
                text10                              C14      C14       E8         0
                text9                               8FA      8FA       28         0
                text8                               B73      B73       A1         0
                text7                               EEB      EEB      115         0
                text6                               CFC      CFC       EA         0
                text5                              17E0     17E0        F         0
                text4                               862      862       16         0
                text3                               7C7      7C7       29         0
                text2                               878      878       19         0
                text1                               7F0      7F0        F         0
                maintext                             5F       5F      41D         0
                clrtext                            17B9     17B9        8         0
                inittext                           17EF     17EF       11         0
                idataBANK2                          9C6      9C6       40         0
                idataBANK1                          922      922       28         0
                idataBANK0                         17B2     17B2        7         0

        CLASS   STRCODE        

        CLASS   STRING         
                strings                             800      800       11         0

        CLASS   CONST          

        CLASS   ENTRY          

        CLASS   COMMON         
                cstackCOMMON                         71       71        5         1
                bssCOMMON                            76       76        4         1
                bitbssCOMMON                        380       70        7         1

        CLASS   BANK0          
                cstackBANK0                          20       20       25         1
                dataBANK0                            66       66        7         1
                bssBANK0                             45       45       21         1

        CLASS   BANK1          
                cstackBANK1                          D6       D6        6         1
                dataBANK1                            A0       A0       28         1
                bssBANK1                             C8       C8        E         1

        CLASS   BANK2          
                dataBANK2                           110      110       40         1

        CLASS   BANK3          
                bssBANK3                            190      190       40         1

        CLASS   RAM            

        CLASS   ABS1           
                abs_s1                               7E       7E        2         1

        CLASS   SFR0           

        CLASS   SFR1           

        CLASS   SFR2           

        CLASS   SFR3           

        CLASS   CONFIG         
                config                             2007     2007        1         0

        CLASS   IDLOC          

        CLASS   EEDATA         



SEGMENTS        Name                           Load    Length   Top    Selector   Space  Class     Delta

                reset_vec                      000000  000003  000003         0       0  CODE        2
                intentry                       000004  0007FB  0007FF         8       0  CODE        2
                cstackBANK0                    000020  00004D  00006D        20       1  BANK0       1
                bitbssCOMMON                   000070  00000A  00007A        70       1  COMMON      1
                dataBANK1                      0000A0  00003C  0000DC        A0       1  BANK1       1
                dataBANK2                      000110  000040  000150       110       1  BANK2       1
                bssBANK3                       000190  000040  0001D0       190       1  BANK3       1
                strings                        000800  000011  000811      1000       0  STRING      2
                text26                         000813  000013  000826      1026       0  CODE        2
                text23                         000826  000013  000839      104C       0  CODE        2
                text25                         000839  000014  00084D      1072       0  CODE        2
                text15                         00084D  000015  000862      109A       0  CODE        2
                text4                          000862  000016  000878      10C4       0  CODE        2
                text2                          000878  000019  000891      10F0       0  CODE        2
                text22                         000891  000020  0008B1      1122       0  CODE        2
                text12                         0008B1  000023  0008D4      1162       0  CODE        2
                text27                         0008D4  000026  0008FA      11A8       0  CODE        2
                text9                          0008FA  000028  000922      11F4       0  CODE        2
                idataBANK1                     000922  000028  00094A      1244       0  CODE        2
                text18                         00094A  00003E  000988      1294       0  CODE        2
                text13                         000988  00003E  0009C6      1310       0  CODE        2
                idataBANK2                     0009C6  000040  000A06      138C       0  CODE        2
                text17                         000A06  000045  000A4B      140C       0  CODE        2
                text14                         000A4B  00008D  000AD8      1496       0  CODE        2
                text16                         000AD8  00009B  000B73      15B0       0  CODE        2
                text8                          000B73  0000A1  000C14      16E6       0  CODE        2
                text10                         000C14  0000E8  000CFC      1828       0  CODE        2
                text6                          000CFC  0000EA  000DE6      19F8       0  CODE        2
                text11                         000DE6  000105  000EEB      1BCC       0  CODE        2
                text7                          000EEB  000115  001000      1DD6       0  CODE        2
                idataBANK0                     0017B2  000007  0017B9      2F64       0  CODE        2
                clrtext                        0017B9  000008  0017C1      2F72       0  CODE        2
                text24                         0017C1  000009  0017CA      2F82       0  CODE        2
                text20                         0017CA  00000A  0017D4      2F94       0  CODE        2
                text19                         0017D4  00000C  0017E0      2FA8       0  CODE        2
                text5                          0017E0  00000F  0017EF      2FC0       0  CODE        2
                inittext                       0017EF  000011  001800      2FDE       0  CODE        2
                config                         002007  000001  002008      400E       0  CONFIG      2


UNUSED ADDRESS RANGES

        Name                Unused          Largest block    Delta
        BANK0            006D-006F              3           1
        BANK1            00DC-00EF             14           1
        BANK2            0150-016F             20           1
        BANK3            01D0-01EF             20           1
        CODE             0003-0003              1           2
                         07FF-07FF              1
                         0811-0812              2
                         1000-17B1            7B2
                         1800-1FFF            800
        COMMON           007A-007D              4           1
        CONST            0003-0003              1           2
                         07FF-07FF              1
                         0811-0812              2
                         1000-17B1            100
                         1800-1FFF            100
        EEDATA           2100-21FF            100           2
        ENTRY            0003-0003              1           2
                         07FF-07FF              1
                         0811-0812              2
                         1000-17B1            100
                         1800-1FFF            100
        IDLOC            2000-2003              4           2
        RAM              006D-006F              3           1
                         00DC-00EF             14
                         0150-016F             20
                         01D0-01EF             20
        SFR0             0000-001F             20           1
        SFR1             0080-009F             20           1
        SFR2             0100-010F             10           1
        SFR3             0180-018F             10           1
        STACK            0150-016F             20           1
        STRCODE          0003-0003              1           2
                         07FF-07FF              1
                         0811-0812              2
                         1000-17B1            7B2
                         1800-1FFF            800
        STRING           0003-0003              1           2
                         07FF-07FF              1
                         0811-0812              2
                         1000-17B1            100
                         1800-1FFF            100

                                  Symbol Table

?___lwdiv                       cstackBANK0  0020
?___wmul                        cstackBANK0  0020
?_getSensorData                 cstackBANK0  0022
Drive1m@n                       cstackBANK0  0038
Drive1m@omni_IR                 cstackBANK0  0039
Drive@radH                      cstackBANK0  0022
Drive@radL                      cstackBANK0  0023
Drive@speedH                    cstackBANK0  0024
Drive@speedL                    cstackBANK0  0021
DriveDirect@VelocityLeft        cstackBANK0  0023
DriveDirect@VelocityRight       cstackBANK0  0021
DriveDirect@data                cstackBANK0  0026
DriveDirect@data_467            cstackBANK0  0028
PathTo@loop                     cstackBANK0  002F
PathTo@sum                      cstackBANK0  002E
PathTo@x_target                 cstackBANK0  002D
PathTo@y_target                 cstackBANK0  0025
TravelPath@n                    cstackBANK0  003C
Turn90@direction                cstackBANK0  002D
_ADCMain                        text15       084D
_ADCON0                         (abs)        001F
_ADCON1                         (abs)        009F
_ADC_ADJUST                     bssBANK0     0064
_ADJUSTED_SPEED_L               bssBANK1     00C8
_ADJUSTED_SPEED_R               bssBANK1     00CA
_ADRESH                         (abs)        001E
_ADRESL                         (abs)        009E
_CURRENT_SPEED_L                dataBANK0    0069
_CURRENT_SPEED_R                dataBANK0    006B
_Drive                          text9        08FA
_Drive1m                        text10       0C14
_DriveDirect                    text14       0A4B
_GIE                            (abs)        005F
_GO                             (abs)        00FA
_IR_Wall                        bitbssCOMMON 0380
_LeftSpeedH                     bssBANK0     004B
_LeftSpeedL                     bssBANK0     004C
_OPTION_REG                     (abs)        0081
_PB7Counter                     bssBANK0     004D
_PB8Counter                     bssBANK0     004E
_PEIE                           (abs)        005E
_PORTA                          (abs)        0005
_PORTB                          (abs)        0006
_PORTC                          (abs)        0007
_PORTD                          (abs)        0008
_PORTE                          (abs)        0009
_PathTo                         text21       047C
_RB0                            (abs)        0030
_RB1                            (abs)        0031
_RB2                            (abs)        0032
_RB3                            (abs)        0033
_RC2                            (abs)        003A
_RCIF                           (abs)        0065
_RCREG                          (abs)        001A
_RCSTA                          (abs)        0018
_RE0                            (abs)        0048
_RE1                            (abs)        0049
_RE2                            (abs)        004A
_RightSpeedH                    bssBANK0     004F
_RightSpeedL                    bssBANK0     0050
_SPBRG                          (abs)        0099
_SSPBUF                         (abs)        0013
_SSPCON                         (abs)        0014
_SSPIF                          (abs)        0063
_SSPSTAT                        (abs)        0094
_TMR0                           (abs)        0001
_TMR0IE                         (abs)        005D
_TMR0IF                         (abs)        005A
_TRISA                          (abs)        0085
_TRISB                          (abs)        0086
_TRISC                          (abs)        0087
_TRISD                          (abs)        0088
_TRISE                          (abs)        0089
_TRMT                           (abs)        04C1
_TXREG                          (abs)        0019
_TXSTA                          (abs)        0098
_TravelPath                     text7        0EEB
_Turn90                         text8        0B73
__CFG_BOREN$OFF                 (abs)        0000
__CFG_CP$OFF                    (abs)        0000
__CFG_CPD$OFF                   (abs)        0000
__CFG_FOSC$HS                   (abs)        0000
__CFG_LVP$OFF                   (abs)        0000
__CFG_PWRTE$OFF                 (abs)        0000
__CFG_WDTE$OFF                  (abs)        0000
__CFG_WRT$OFF                   (abs)        0000
__Habs1                         abs1         0000
__Hbank0                        bank0        0000
__Hbank1                        bank1        0000
__Hbank2                        bank2        0000
__Hbank3                        bank3        0000
__HbitbssCOMMON                 bitbssCOMMON 0000
__HbssBANK0                     bssBANK0     0000
__HbssBANK1                     bssBANK1     0000
__HbssBANK3                     bssBANK3     0000
__HbssCOMMON                    bssCOMMON    0000
__Hcinit                        cinit        005F
__Hclrtext                      clrtext      0000
__Hcode                         code         0000
__Hcommon                       common       0000
__Hconfig                       config       2008
__HcstackBANK0                  cstackBANK0  0000
__HcstackBANK1                  cstackBANK1  0000
__HcstackCOMMON                 cstackCOMMON 0000
__HdataBANK0                    dataBANK0    0000
__HdataBANK1                    dataBANK1    0000
__HdataBANK2                    dataBANK2    0000
__Heeprom_data                  eeprom_data  0000
__Hend_init                     end_init     0015
__Hfunctab                      functab      0000
__HidataBANK0                   idataBANK0   0000
__HidataBANK1                   idataBANK1   0000
__HidataBANK2                   idataBANK2   0000
__Hidloc                        idloc        0000
__Hinit                         init         0012
__Hinittext                     inittext     0000
__Hintentry                     intentry     0012
__Hmaintext                     maintext     0000
__Hpowerup                      powerup      0000
__Hram                          ram          0000
__Hreset_vec                    reset_vec    0003
__Hsfr0                         sfr0         0000
__Hsfr1                         sfr1         0000
__Hsfr2                         sfr2         0000
__Hsfr3                         sfr3         0000
__Hspace_0                      (abs)        2008
__Hspace_1                      (abs)        0387
__Hspace_2                      (abs)        0000
__Hspace_3                      (abs)        0000
__Hstack                        stack        0000
__Hstrings                      strings      0000
__Htext                         text         0000
__Labs1                         abs1         0000
__Lbank0                        bank0        0000
__Lbank1                        bank1        0000
__Lbank2                        bank2        0000
__Lbank3                        bank3        0000
__LbitbssCOMMON                 bitbssCOMMON 0000
__LbssBANK0                     bssBANK0     0000
__LbssBANK1                     bssBANK1     0000
__LbssBANK3                     bssBANK3     0000
__LbssCOMMON                    bssCOMMON    0000
__Lcinit                        cinit        0015
__Lclrtext                      clrtext      0000
__Lcode                         code         0000
__Lcommon                       common       0000
__Lconfig                       config       2007
__LcstackBANK0                  cstackBANK0  0000
__LcstackBANK1                  cstackBANK1  0000
__LcstackCOMMON                 cstackCOMMON 0000
__LdataBANK0                    dataBANK0    0000
__LdataBANK1                    dataBANK1    0000
__LdataBANK2                    dataBANK2    0000
__Leeprom_data                  eeprom_data  0000
__Lend_init                     end_init     0012
__Lfunctab                      functab      0000
__LidataBANK0                   idataBANK0   0000
__LidataBANK1                   idataBANK1   0000
__LidataBANK2                   idataBANK2   0000
__Lidloc                        idloc        0000
__Linit                         init         0012
__Linittext                     inittext     0000
__Lintentry                     intentry     0004
__Lmaintext                     maintext     0000
__Lpowerup                      powerup      0000
__Lram                          ram          0000
__Lreset_vec                    reset_vec    0000
__Lsfr0                         sfr0         0000
__Lsfr1                         sfr1         0000
__Lsfr2                         sfr2         0000
__Lsfr3                         sfr3         0000
__Lspace_0                      (abs)        0000
__Lspace_1                      (abs)        0000
__Lspace_2                      (abs)        0000
__Lspace_3                      (abs)        0000
__Lstack                        stack        0000
__Lstrings                      strings      0000
__Ltext                         text         0000
__S0                            (abs)        2008
__S1                            (abs)        01D0
__S2                            (abs)        0000
__S3                            (abs)        0000
___bmul                         text26       0813
___bmul@multiplicand            cstackBANK0  0020
___bmul@multiplier              cstackBANK0  0023
___bmul@product                 cstackBANK0  0022
___int_sp                       stack        0000
___latbits                      (abs)        0002
___lwdiv                        text13       0988
___lwdiv@counter                cstackBANK0  0025
___lwdiv@dividend               cstackBANK0  0022
___lwdiv@divisor                cstackBANK0  0020
___lwdiv@quotient               cstackBANK0  0026
___sp                           stack        0000
___wmul                         text12       08B1
___wmul@multiplicand            cstackBANK0  0022
___wmul@multiplier              cstackBANK0  0020
___wmul@product                 cstackBANK0  0024
__end_of_ADCMain                text15       0862
__end_of_Drive                  text9        0922
__end_of_Drive1m                text10       0CFC
__end_of_DriveDirect            text14       0AD8
__end_of_PathTo                 text21       07C7
__end_of_TravelPath             text7        1000
__end_of_Turn90                 text8        0C14
__end_of___bmul                 text26       0826
__end_of___lwdiv                text13       09C6
__end_of___wmul                 text12       08D4
__end_of__initialization        cinit        005B
__end_of__stringtab             strings      0806
__end_of_getADC                 text17       0A4B
__end_of_getSensorData          text18       0988
__end_of_isr                    text27       08FA
__end_of_lcdSetCursor           text24       17CA
__end_of_lcdWriteControl        text25       084D
__end_of_lcdWriteData           text23       0839
__end_of_lcdWriteString         text22       08B1
__end_of_lcdWriteToDigitBCD     text16       0B73
__end_of_main                   maintext     047C
__end_of_re_route               text6        0DE6
__end_of_ser_getch              text20       17D4
__end_of_ser_init               text5        17EF
__end_of_ser_putch              text19       17E0
__end_of_setupADC               text4        0878
__end_of_setupLCD               text3        07F0
__end_of_setupSPI               text2        0891
__end_of_spi_transfer           text1        07FF
__end_of_wallFollow             text11       0EEB
__initialization                cinit        0015
__pbitbssCOMMON                 bitbssCOMMON 0380
__pbssBANK0                     bssBANK0     0045
__pbssBANK1                     bssBANK1     00C8
__pbssBANK3                     bssBANK3     0190
__pbssCOMMON                    bssCOMMON    0076
__pcstackBANK0                  cstackBANK0  0020
__pcstackBANK1                  cstackBANK1  00D6
__pcstackCOMMON                 cstackCOMMON 0071
__pdataBANK0                    dataBANK0    0066
__pdataBANK1                    dataBANK1    00A0
__pdataBANK2                    dataBANK2    0110
__pidataBANK0                   idataBANK0   17B2
__pidataBANK1                   idataBANK1   0922
__pidataBANK2                   idataBANK2   09C6
__pintentry                     intentry     0004
__pmaintext                     maintext     005F
__pstrings                      strings      0800
__ptext1                        text1        07F0
__ptext10                       text10       0C14
__ptext11                       text11       0DE6
__ptext12                       text12       08B1
__ptext13                       text13       0988
__ptext14                       text14       0A4B
__ptext15                       text15       084D
__ptext16                       text16       0AD8
__ptext17                       text17       0A06
__ptext18                       text18       094A
__ptext19                       text19       17D4
__ptext2                        text2        0878
__ptext20                       text20       17CA
__ptext21                       text21       047C
__ptext22                       text22       0891
__ptext23                       text23       0826
__ptext24                       text24       17C1
__ptext25                       text25       0839
__ptext26                       text26       0813
__ptext27                       text27       08D4
__ptext3                        text3        07C7
__ptext4                        text4        0862
__ptext5                        text5        17E0
__ptext6                        text6        0CFC
__ptext7                        text7        0EEB
__ptext8                        text8        0B73
__ptext9                        text9        08FA
__size_of_ADCMain               (abs)        0000
__size_of_Drive                 (abs)        0000
__size_of_Drive1m               (abs)        0000
__size_of_DriveDirect           (abs)        0000
__size_of_PathTo                (abs)        0000
__size_of_TravelPath            (abs)        0000
__size_of_Turn90                (abs)        0000
__size_of___bmul                (abs)        0000
__size_of___lwdiv               (abs)        0000
__size_of___wmul                (abs)        0000
__size_of_getADC                (abs)        0000
__size_of_getSensorData         (abs)        0000
__size_of_isr                   (abs)        0000
__size_of_lcdSetCursor          (abs)        0000
__size_of_lcdWriteControl       (abs)        0000
__size_of_lcdWriteData          (abs)        0000
__size_of_lcdWriteString        (abs)        0000
__size_of_lcdWriteToDigitBCD    (abs)        0000
__size_of_main                  (abs)        0000
__size_of_re_route              (abs)        0000
__size_of_ser_getch             (abs)        0000
__size_of_ser_init              (abs)        0000
__size_of_ser_putch             (abs)        0000
__size_of_setupADC              (abs)        0000
__size_of_setupLCD              (abs)        0000
__size_of_setupSPI              (abs)        0000
__size_of_spi_transfer          (abs)        0000
__size_of_wallFollow            (abs)        0000
__stringbase                    strings      0805
__stringtab                     strings      0800
_adcRAW                         bssBANK0     0045
_angle                          bssCOMMON    0076
_c                              bssBANK0     0051
_distance                       bssBANK0     0047
_down                           bitbssCOMMON 0381
_getADC                         text17       0A06
_getSensorData                  text18       094A
_gridWalls                      dataBANK2    0110
_highByte                       bssCOMMON    0079
_intersection_orientation       bssBANK0     0052
_isr                            text27       08D4
_lcdSetCursor                   text24       17C1
_lcdWriteControl                text25       0839
_lcdWriteData                   text23       0826
_lcdWriteString                 text22       0891
_lcdWriteToDigitBCD             text16       0AD8
_left                           bitbssCOMMON 0382
_loop                           bssBANK0     0049
_lowByte                        bssCOMMON    0078
_main                           maintext     005F
_mazeGrid                       dataBANK1    00A0
_mazeGridDefault                dataBANK1    00B4
_orientation                    dataBANK0    0066
_orientation_path               bssBANK0     0053
_path                           bssBANK3     0190
_pathCount                      bssBANK0     0054
_pathCountShortest              dataBANK0    0067
_pathShortest                   bssBANK3     01B0
_r                              bssBANK0     0055
_re_route                       text6        0CFC
_reset_flag                     bitbssCOMMON 0383
_right                          bitbssCOMMON 0384
_ser_getch                      text20       17CA
_ser_init                       text5        17E0
_ser_putch                      text19       17D4
_setupADC                       text4        0862
_setupLCD                       text3        07C7
_setupSPI                       text2        0878
_spi_transfer                   text1        07F0
_targets                        bssBANK0     005A
_targets_found                  bitbssCOMMON 0385
_time_count                     bssBANK1     00D2
_up                             bitbssCOMMON 0386
_wallFollow                     text11       0DE6
_x                              dataBANK0    0068
_x_goto                         bssBANK0     005B
_x_int                          bssBANK0     005C
_x_path                         bssBANK0     005D
_x_target                       bssBANK0     005E
_y                              bssBANK0     005F
_y_goto                         bssBANK0     0060
_y_int                          bssBANK0     0061
_y_path                         bssBANK0     0062
_y_target                       bssBANK0     0063
btemp                           (abs)        007E
clear_ram0                      clrtext      17B9
end_of_initialization           cinit        005B
getSensorData@bytes             cstackBANK0  0022
getSensorData@packetID          cstackBANK0  0026
getSensorData@sensor            cstackBANK0  0027
init_fetch0                     inittext     17EF
init_ram0                       inittext     17F3
interrupt_function              intentry     0004
intlevel0                       functab      0000
intlevel1                       functab      0000
intlevel2                       functab      0000
intlevel3                       functab      0000
intlevel4                       functab      0000
intlevel5                       functab      0000
lcdSetCursor@address            cstackBANK0  0023
lcdWriteControl@databyte        cstackBANK0  0022
lcdWriteData@databyte           cstackBANK0  0022
lcdWriteString@s                cstackBANK0  0024
lcdWriteToDigitBCD@HunsDigit    cstackBANK0  0027
lcdWriteToDigitBCD@OnesDigit    cstackBANK0  002D
lcdWriteToDigitBCD@TenThouDigit cstackBANK0  002B
lcdWriteToDigitBCD@TensDigit    cstackBANK0  0025
lcdWriteToDigitBCD@ThouDigit    cstackBANK0  0029
lcdWriteToDigitBCD@data         cstackBANK0  0023
ltemp                           (abs)        007E
ltemp0                          (abs)        007E
ltemp1                          (abs)        0082
ltemp2                          (abs)        0086
ltemp3                          (abs)        0080
main@controlByte                cstackBANK1  00D6
main@fifth                      cstackBANK1  00DB
main@first                      cstackBANK1  00D7
main@fourth                     cstackBANK1  00DA
main@second                     cstackBANK1  00D8
main@third                      cstackBANK1  00D9
reset_vec                       reset_vec    0000
saved_w                         (abs)        007E
ser_getch@rxbyte                cstackBANK0  0021
ser_putch@c                     cstackBANK0  0020
spi_transfer@data               cstackBANK0  0022
spi_transfer@temp               cstackBANK0  0021
stackhi                         (abs)        0000
stacklo                         (abs)        0000
start                           init         0012
start_initialization            cinit        0015
ttemp                           (abs)        007E
ttemp0                          (abs)        007E
ttemp1                          (abs)        0081
ttemp2                          (abs)        0084
ttemp3                          (abs)        0087
ttemp4                          (abs)        007F
wallFollow@setADCdist           cstackBANK0  0033
wtemp                           (abs)        007E
wtemp0                          (abs)        007E
wtemp1                          (abs)        0080
wtemp2                          (abs)        0082
wtemp3                          (abs)        0084
wtemp4                          (abs)        0086
wtemp5                          (abs)        0088
wtemp6                          (abs)        007F


FUNCTION INFORMATION:

 *************** function _main *****************
 Defined at:
		line 470 in file "main.c"
 Parameters:    Size  Location     Type
		None
 Auto vars:     Size  Location     Type
  fifth           1    5[BANK1 ] unsigned char 
  fourth          1    4[BANK1 ] unsigned char 
  third           1    3[BANK1 ] unsigned char 
  second          1    2[BANK1 ] unsigned char 
  first           1    1[BANK1 ] unsigned char 
  controlByte     1    0[BANK1 ] unsigned char 
 Return value:  Size  Location     Type
                  1    wreg      void 
 Registers used:
		wreg, fsr0l, fsr0h, status,2, status,0, btemp+1, pclath, cstack
 Tracked objects:
		On entry : 
		On exit  : 
		Unchanged: 
 Data sizes:     COMMON   BANK0   BANK1   BANK3   BANK2
      Params:         0       0       0       0       0
      Locals:         0       0       6       0       0
      Temps:          0       3       0       0       0
      Totals:         0       3       6       0       0
Total ram usage:        9 bytes
 Hardware stack levels required when called:    8
 This function calls:
		_PathTo
		_TravelPath
		_re_route
		_ser_init
		_ser_putch
		_setupADC
		_setupLCD
		_setupSPI
		_spi_transfer
 This function is called by:
		Startup code after reset
 This function uses a non-reentrant model


 *************** function _spi_transfer *****************
 Defined at:
		line 22 in file "SPI.c"
 Parameters:    Size  Location     Type
  data            1    wreg     unsigned char 
 Auto vars:     Size  Location     Type
  data            1    2[BANK0 ] unsigned char 
  temp            1    1[BANK0 ] unsigned char 
 Return value:  Size  Location     Type
                  1    wreg      unsigned char 
 Registers used:
		wreg, status,2
 Tracked objects:
		On entry : 
		On exit  : 
		Unchanged: 
 Data sizes:     COMMON   BANK0   BANK1   BANK3   BANK2
      Params:         0       0       0       0       0
      Locals:         0       2       0       0       0
      Temps:          0       1       0       0       0
      Totals:         0       3       0       0       0
Total ram usage:        3 bytes
 Hardware stack levels used:    1
 Hardware stack levels required when called:    1
 This function calls:
		Nothing
 This function is called by:
		_main
		_stepCCW
		_stepCW
 This function uses a non-reentrant model


 *************** function _setupSPI *****************
 Defined at:
		line 4 in file "SPI.c"
 Parameters:    Size  Location     Type
		None
 Auto vars:     Size  Location     Type
		None
 Return value:  Size  Location     Type
                  1    wreg      void 
 Registers used:
		wreg
 Tracked objects:
		On entry : 
		On exit  : 
		Unchanged: 
 Data sizes:     COMMON   BANK0   BANK1   BANK3   BANK2
      Params:         0       0       0       0       0
      Locals:         0       0       0       0       0
      Temps:          0       0       0       0       0
      Totals:         0       0       0       0       0
Total ram usage:        0 bytes
 Hardware stack levels used:    1
 Hardware stack levels required when called:    1
 This function calls:
		Nothing
 This function is called by:
		_main
 This function uses a non-reentrant model


 *************** function _setupLCD *****************
 Defined at:
		line 86 in file "LCD.c"
 Parameters:    Size  Location     Type
		None
 Auto vars:     Size  Location     Type
		None
 Return value:  Size  Location     Type
                  1    wreg      void 
 Registers used:
		wreg, status,2, status,0, pclath, cstack
 Tracked objects:
		On entry : 
		On exit  : 
		Unchanged: 
 Data sizes:     COMMON   BANK0   BANK1   BANK3   BANK2
      Params:         0       0       0       0       0
      Locals:         0       0       0       0       0
      Temps:          0       0       0       0       0
      Totals:         0       0       0       0       0
Total ram usage:        0 bytes
 Hardware stack levels used:    1
 Hardware stack levels required when called:    2
 This function calls:
		_lcdWriteControl
 This function is called by:
		_main
 This function uses a non-reentrant model


 *************** function _setupADC *****************
 Defined at:
		line 5 in file "ADC.c"
 Parameters:    Size  Location     Type
		None
 Auto vars:     Size  Location     Type
		None
 Return value:  Size  Location     Type
                  1    wreg      void 
 Registers used:
		wreg, status,2
 Tracked objects:
		On entry : 
		On exit  : 
		Unchanged: 
 Data sizes:     COMMON   BANK0   BANK1   BANK3   BANK2
      Params:         0       0       0       0       0
      Locals:         0       0       0       0       0
      Temps:          0       1       0       0       0
      Totals:         0       1       0       0       0
Total ram usage:        1 bytes
 Hardware stack levels used:    1
 Hardware stack levels required when called:    1
 This function calls:
		Nothing
 This function is called by:
		_main
 This function uses a non-reentrant model


 *************** function _ser_init *****************
 Defined at:
		line 5 in file "ser.c"
 Parameters:    Size  Location     Type
		None
 Auto vars:     Size  Location     Type
		None
 Return value:  Size  Location     Type
                  1    wreg      void 
 Registers used:
		wreg
 Tracked objects:
		On entry : 
		On exit  : 
		Unchanged: 
 Data sizes:     COMMON   BANK0   BANK1   BANK3   BANK2
      Params:         0       0       0       0       0
      Locals:         0       0       0       0       0
      Temps:          0       0       0       0       0
      Totals:         0       0       0       0       0
Total ram usage:        0 bytes
 Hardware stack levels used:    1
 Hardware stack levels required when called:    1
 This function calls:
		Nothing
 This function is called by:
		_main
 This function uses a non-reentrant model


 *************** function _re_route *****************
 Defined at:
		line 428 in file "main.c"
 Parameters:    Size  Location     Type
		None
 Auto vars:     Size  Location     Type
		None
 Return value:  Size  Location     Type
                  1    wreg      void 
 Registers used:
		wreg, fsr0l, fsr0h, status,2, status,0, btemp+1, pclath, cstack
 Tracked objects:
		On entry : 
		On exit  : 
		Unchanged: 
 Data sizes:     COMMON   BANK0   BANK1   BANK3   BANK2
      Params:         0       0       0       0       0
      Locals:         0       0       0       0       0
      Temps:          0       5       0       0       0
      Totals:         0       5       0       0       0
Total ram usage:        5 bytes
 Hardware stack levels used:    1
 Hardware stack levels required when called:    7
 This function calls:
		_DriveDirect
		_PathTo
		_TravelPath
		_Turn90
		___bmul
		_getSensorData
 This function is called by:
		_main
 This function uses a non-reentrant model


 *************** function _TravelPath *****************
 Defined at:
		line 361 in file "main.c"
 Parameters:    Size  Location     Type
		None
 Auto vars:     Size  Location     Type
  n               1   28[BANK0 ] unsigned char 
 Return value:  Size  Location     Type
                  1    wreg      void 
 Registers used:
		wreg, fsr0l, fsr0h, status,2, status,0, btemp+1, pclath, cstack
 Tracked objects:
		On entry : 
		On exit  : 
		Unchanged: 
 Data sizes:     COMMON   BANK0   BANK1   BANK3   BANK2
      Params:         0       0       0       0       0
      Locals:         0       1       0       0       0
      Temps:          0       2       0       0       0
      Totals:         0       3       0       0       0
Total ram usage:        3 bytes
 Hardware stack levels used:    1
 Hardware stack levels required when called:    6
 This function calls:
		_Drive1m
		_Turn90
 This function is called by:
		_re_route
		_main
 This function uses a non-reentrant model


 *************** function _Turn90 *****************
 Defined at:
		line 330 in file "main.c"
 Parameters:    Size  Location     Type
  direction       1    wreg     unsigned char 
 Auto vars:     Size  Location     Type
  direction       1   13[BANK0 ] unsigned char 
 Return value:  Size  Location     Type
                  1    wreg      void 
 Registers used:
		wreg, status,2, status,0, btemp+1, pclath, cstack
 Tracked objects:
		On entry : 
		On exit  : 
		Unchanged: 
 Data sizes:     COMMON   BANK0   BANK1   BANK3   BANK2
      Params:         0       0       0       0       0
      Locals:         0       1       0       0       0
      Temps:          0       3       0       0       0
      Totals:         0       4       0       0       0
Total ram usage:        4 bytes
 Hardware stack levels used:    1
 Hardware stack levels required when called:    3
 This function calls:
		_Drive
		_DriveDirect
		_getSensorData
 This function is called by:
		_TravelPath
		_re_route
 This function uses a non-reentrant model


 *************** function _Drive *****************
 Defined at:
		line 45 in file "ser.c"
 Parameters:    Size  Location     Type
  speedH          1    wreg     unsigned char 
  speedL          1    1[BANK0 ] unsigned char 
  radH            1    2[BANK0 ] unsigned char 
  radL            1    3[BANK0 ] unsigned char 
 Auto vars:     Size  Location     Type
  speedH          1    4[BANK0 ] unsigned char 
 Return value:  Size  Location     Type
                  1    wreg      void 
 Registers used:
		wreg, status,2, status,0, pclath, cstack
 Tracked objects:
		On entry : 
		On exit  : 
		Unchanged: 
 Data sizes:     COMMON   BANK0   BANK1   BANK3   BANK2
      Params:         0       3       0       0       0
      Locals:         0       1       0       0       0
      Temps:          0       0       0       0       0
      Totals:         0       4       0       0       0
Total ram usage:        4 bytes
 Hardware stack levels used:    1
 Hardware stack levels required when called:    2
 This function calls:
		_ser_putch
 This function is called by:
		_Turn90
 This function uses a non-reentrant model


 *************** function _Drive1m *****************
 Defined at:
		line 253 in file "main.c"
 Parameters:    Size  Location     Type
		None
 Auto vars:     Size  Location     Type
  omni_IR         1   25[BANK0 ] unsigned char 
  n               1   24[BANK0 ] unsigned char 
 Return value:  Size  Location     Type
                  1    wreg      void 
 Registers used:
		wreg, fsr0l, fsr0h, status,2, status,0, btemp+1, pclath, cstack
 Tracked objects:
		On entry : 
		On exit  : 
		Unchanged: 
 Data sizes:     COMMON   BANK0   BANK1   BANK3   BANK2
      Params:         0       0       0       0       0
      Locals:         0       2       0       0       0
      Temps:          0       3       0       0       0
      Totals:         0       5       0       0       0
Total ram usage:        5 bytes
 Hardware stack levels used:    1
 Hardware stack levels required when called:    5
 This function calls:
		_DriveDirect
		_getSensorData
		_ser_putch
		_wallFollow
 This function is called by:
		_TravelPath
 This function uses a non-reentrant model


 *************** function _wallFollow *****************
 Defined at:
		line 14 in file "main.c"
 Parameters:    Size  Location     Type
		None
 Auto vars:     Size  Location     Type
  setADCdist      2   19[BANK0 ] unsigned int 
 Return value:  Size  Location     Type
                  1    wreg      void 
 Registers used:
		wreg, fsr0l, fsr0h, status,2, status,0, btemp+1, pclath, cstack
 Tracked objects:
		On entry : 
		On exit  : 
		Unchanged: 
 Data sizes:     COMMON   BANK0   BANK1   BANK3   BANK2
      Params:         0       0       0       0       0
      Locals:         0       2       0       0       0
      Temps:          0       4       0       0       0
      Totals:         0       6       0       0       0
Total ram usage:        6 bytes
 Hardware stack levels used:    1
 Hardware stack levels required when called:    4
 This function calls:
		_ADCMain
		_DriveDirect
		___lwdiv
		___wmul
 This function is called by:
		_Drive1m
 This function uses a non-reentrant model


 *************** function ___wmul *****************
 Defined at:
		line 15 in file "C:\Program Files (x86)\Microchip\xc8\v1.38\sources\common\Umul16.c"
 Parameters:    Size  Location     Type
  multiplier      2    0[BANK0 ] unsigned int 
  multiplicand    2    2[BANK0 ] unsigned int 
 Auto vars:     Size  Location     Type
  product         2    4[BANK0 ] unsigned int 
 Return value:  Size  Location     Type
                  2    0[BANK0 ] unsigned int 
 Registers used:
		wreg, status,2, status,0
 Tracked objects:
		On entry : 
		On exit  : 
		Unchanged: 
 Data sizes:     COMMON   BANK0   BANK1   BANK3   BANK2
      Params:         0       4       0       0       0
      Locals:         0       2       0       0       0
      Temps:          0       0       0       0       0
      Totals:         0       6       0       0       0
Total ram usage:        6 bytes
 Hardware stack levels used:    1
 Hardware stack levels required when called:    1
 This function calls:
		Nothing
 This function is called by:
		_wallFollow
 This function uses a non-reentrant model


 *************** function ___lwdiv *****************
 Defined at:
		line 6 in file "C:\Program Files (x86)\Microchip\xc8\v1.38\sources\common\lwdiv.c"
 Parameters:    Size  Location     Type
  divisor         2    0[BANK0 ] unsigned int 
  dividend        2    2[BANK0 ] unsigned int 
 Auto vars:     Size  Location     Type
  quotient        2    6[BANK0 ] unsigned int 
  counter         1    5[BANK0 ] unsigned char 
 Return value:  Size  Location     Type
                  2    0[BANK0 ] unsigned int 
 Registers used:
		wreg, status,2, status,0
 Tracked objects:
		On entry : 
		On exit  : 
		Unchanged: 
 Data sizes:     COMMON   BANK0   BANK1   BANK3   BANK2
      Params:         0       4       0       0       0
      Locals:         0       3       0       0       0
      Temps:          0       1       0       0       0
      Totals:         0       8       0       0       0
Total ram usage:        8 bytes
 Hardware stack levels used:    1
 Hardware stack levels required when called:    1
 This function calls:
		Nothing
 This function is called by:
		_wallFollow
 This function uses a non-reentrant model


 *************** function _DriveDirect *****************
 Defined at:
		line 54 in file "ser.c"
 Parameters:    Size  Location     Type
  VelocityRigh    2    1[BANK0 ] int 
  VelocityLeft    2    3[BANK0 ] int 
 Auto vars:     Size  Location     Type
  data            2    8[BANK0 ] unsigned int 
  data            2    6[BANK0 ] unsigned int 
 Return value:  Size  Location     Type
                  1    wreg      void 
 Registers used:
		wreg, status,2, status,0, btemp+1, pclath, cstack
 Tracked objects:
		On entry : 
		On exit  : 
		Unchanged: 
 Data sizes:     COMMON   BANK0   BANK1   BANK3   BANK2
      Params:         0       4       0       0       0
      Locals:         0       4       0       0       0
      Temps:          0       1       0       0       0
      Totals:         0       9       0       0       0
Total ram usage:        9 bytes
 Hardware stack levels used:    1
 Hardware stack levels required when called:    2
 This function calls:
		_ser_putch
 This function is called by:
		_wallFollow
		_Drive1m
		_Turn90
		_re_route
 This function uses a non-reentrant model


 *************** function _ADCMain *****************
 Defined at:
		line 16 in file "ADC.c"
 Parameters:    Size  Location     Type
		None
 Auto vars:     Size  Location     Type
		None
 Return value:  Size  Location     Type
                  1    wreg      void 
 Registers used:
		wreg, fsr0l, fsr0h, status,2, status,0, pclath, cstack
 Tracked objects:
		On entry : 
		On exit  : 
		Unchanged: 
 Data sizes:     COMMON   BANK0   BANK1   BANK3   BANK2
      Params:         0       0       0       0       0
      Locals:         0       0       0       0       0
      Temps:          0       0       0       0       0
      Totals:         0       0       0       0       0
Total ram usage:        0 bytes
 Hardware stack levels used:    1
 Hardware stack levels required when called:    3
 This function calls:
		_getADC
		_lcdSetCursor
		_lcdWriteToDigitBCD
 This function is called by:
		_wallFollow
 This function uses a non-reentrant model


 *************** function _lcdWriteToDigitBCD *****************
 Defined at:
		line 38 in file "LCD.c"
 Parameters:    Size  Location     Type
  data            2    3[BANK0 ] unsigned int 
 Auto vars:     Size  Location     Type
  OnesDigit       2   13[BANK0 ] unsigned int 
  TenThouDigit    2   11[BANK0 ] unsigned int 
  ThouDigit       2    9[BANK0 ] unsigned int 
  HunsDigit       2    7[BANK0 ] unsigned int 
  TensDigit       2    5[BANK0 ] unsigned int 
 Return value:  Size  Location     Type
                  1    wreg      void 
 Registers used:
		wreg, status,2, status,0, pclath, cstack
 Tracked objects:
		On entry : 
		On exit  : 
		Unchanged: 
 Data sizes:     COMMON   BANK0   BANK1   BANK3   BANK2
      Params:         0       2       0       0       0
      Locals:         0      10       0       0       0
      Temps:          0       0       0       0       0
      Totals:         0      12       0       0       0
Total ram usage:       12 bytes
 Hardware stack levels used:    1
 Hardware stack levels required when called:    2
 This function calls:
		_lcdWriteData
 This function is called by:
		_ADCMain
 This function uses a non-reentrant model


 *************** function _getADC *****************
 Defined at:
		line 25 in file "ADC.c"
 Parameters:    Size  Location     Type
		None
 Auto vars:     Size  Location     Type
		None
 Return value:  Size  Location     Type
                  2  586[None  ] unsigned int 
 Registers used:
		wreg, fsr0l, fsr0h, status,2, status,0
 Tracked objects:
		On entry : 
		On exit  : 
		Unchanged: 
 Data sizes:     COMMON   BANK0   BANK1   BANK3   BANK2
      Params:         0       0       0       0       0
      Locals:         0       0       0       0       0
      Temps:          0       2       0       0       0
      Totals:         0       2       0       0       0
Total ram usage:        2 bytes
 Hardware stack levels used:    1
 Hardware stack levels required when called:    1
 This function calls:
		Nothing
 This function is called by:
		_ADCMain
 This function uses a non-reentrant model


 *************** function _getSensorData *****************
 Defined at:
		line 85 in file "ser.c"
 Parameters:    Size  Location     Type
  packetID        1    wreg     unsigned char 
  bytes           1    2[BANK0 ] unsigned char 
 Auto vars:     Size  Location     Type
  packetID        1    6[BANK0 ] unsigned char 
  sensor          2    7[BANK0 ] int 
 Return value:  Size  Location     Type
                  2    2[BANK0 ] int 
 Registers used:
		wreg, status,2, status,0, btemp+1, pclath, cstack
 Tracked objects:
		On entry : 
		On exit  : 
		Unchanged: 
 Data sizes:     COMMON   BANK0   BANK1   BANK3   BANK2
      Params:         0       2       0       0       0
      Locals:         0       3       0       0       0
      Temps:          0       2       0       0       0
      Totals:         0       7       0       0       0
Total ram usage:        7 bytes
 Hardware stack levels used:    1
 Hardware stack levels required when called:    2
 This function calls:
		_ser_getch
		_ser_putch
 This function is called by:
		_Drive1m
		_Turn90
		_re_route
 This function uses a non-reentrant model


 *************** function _ser_putch *****************
 Defined at:
		line 30 in file "ser.c"
 Parameters:    Size  Location     Type
  c               1    wreg     unsigned char 
 Auto vars:     Size  Location     Type
  c               1    0[BANK0 ] unsigned char 
 Return value:  Size  Location     Type
                  1    wreg      void 
 Registers used:
		wreg
 Tracked objects:
		On entry : 
		On exit  : 
		Unchanged: 
 Data sizes:     COMMON   BANK0   BANK1   BANK3   BANK2
      Params:         0       0       0       0       0
      Locals:         0       1       0       0       0
      Temps:          0       0       0       0       0
      Totals:         0       1       0       0       0
Total ram usage:        1 bytes
 Hardware stack levels used:    1
 Hardware stack levels required when called:    1
 This function calls:
		Nothing
 This function is called by:
		_Drive1m
		_main
		_Drive
		_DriveDirect
		_getSensorData
 This function uses a non-reentrant model


 *************** function _ser_getch *****************
 Defined at:
		line 35 in file "ser.c"
 Parameters:    Size  Location     Type
		None
 Auto vars:     Size  Location     Type
  rxbyte          1    1[BANK0 ] unsigned char 
 Return value:  Size  Location     Type
                  1    wreg      unsigned char 
 Registers used:
		wreg
 Tracked objects:
		On entry : 
		On exit  : 
		Unchanged: 
 Data sizes:     COMMON   BANK0   BANK1   BANK3   BANK2
      Params:         0       0       0       0       0
      Locals:         0       1       0       0       0
      Temps:          0       1       0       0       0
      Totals:         0       2       0       0       0
Total ram usage:        2 bytes
 Hardware stack levels used:    1
 Hardware stack levels required when called:    1
 This function calls:
		Nothing
 This function is called by:
		_getSensorData
 This function uses a non-reentrant model


 *************** function _PathTo *****************
 Defined at:
		line 44 in file "main.c"
 Parameters:    Size  Location     Type
  x_target        1    wreg     unsigned char 
  y_target        1    5[BANK0 ] unsigned char 
 Auto vars:     Size  Location     Type
  x_target        1   13[BANK0 ] unsigned char 
  sum             1   14[BANK0 ] unsigned char 
  loop            2   15[BANK0 ] int 
 Return value:  Size  Location     Type
                  1    wreg      void 
 Registers used:
		wreg, fsr0l, fsr0h, status,2, status,0, btemp+1, pclath, cstack
 Tracked objects:
		On entry : 
		On exit  : 
		Unchanged: 
 Data sizes:     COMMON   BANK0   BANK1   BANK3   BANK2
      Params:         0       1       0       0       0
      Locals:         0       4       0       0       0
      Temps:          0       7       0       0       0
      Totals:         0      12       0       0       0
Total ram usage:       12 bytes
 Hardware stack levels used:    1
 Hardware stack levels required when called:    3
 This function calls:
		___bmul
		_lcdSetCursor
		_lcdWriteString
 This function is called by:
		_re_route
		_main
 This function uses a non-reentrant model


 *************** function _lcdWriteString *****************
 Defined at:
		line 32 in file "LCD.c"
 Parameters:    Size  Location     Type
  s               1    wreg     PTR unsigned char 
		 -> STR_1(11), 
 Auto vars:     Size  Location     Type
  s               1    4[BANK0 ] PTR unsigned char 
		 -> STR_1(11), 
 Return value:  Size  Location     Type
                  1    wreg      void 
 Registers used:
		wreg, fsr0l, fsr0h, status,2, status,0, pclath, cstack
 Tracked objects:
		On entry : 
		On exit  : 
		Unchanged: 
 Data sizes:     COMMON   BANK0   BANK1   BANK3   BANK2
      Params:         0       0       0       0       0
      Locals:         0       1       0       0       0
      Temps:          0       1       0       0       0
      Totals:         0       2       0       0       0
Total ram usage:        2 bytes
 Hardware stack levels used:    1
 Hardware stack levels required when called:    2
 This function calls:
		_lcdWriteData
 This function is called by:
		_PathTo
 This function uses a non-reentrant model


 *************** function _lcdWriteData *****************
 Defined at:
		line 16 in file "LCD.c"
 Parameters:    Size  Location     Type
  databyte        1    wreg     unsigned char 
 Auto vars:     Size  Location     Type
  databyte        1    2[BANK0 ] unsigned char 
 Return value:  Size  Location     Type
                  1    wreg      void 
 Registers used:
		wreg
 Tracked objects:
		On entry : 
		On exit  : 
		Unchanged: 
 Data sizes:     COMMON   BANK0   BANK1   BANK3   BANK2
      Params:         0       0       0       0       0
      Locals:         0       1       0       0       0
      Temps:          0       2       0       0       0
      Totals:         0       3       0       0       0
Total ram usage:        3 bytes
 Hardware stack levels used:    1
 Hardware stack levels required when called:    1
 This function calls:
		Nothing
 This function is called by:
		_lcdWriteString
		_lcdWriteToDigitBCD
 This function uses a non-reentrant model


 *************** function _lcdSetCursor *****************
 Defined at:
		line 27 in file "LCD.c"
 Parameters:    Size  Location     Type
  address         1    wreg     unsigned char 
 Auto vars:     Size  Location     Type
  address         1    3[BANK0 ] unsigned char 
 Return value:  Size  Location     Type
                  1    wreg      void 
 Registers used:
		wreg, status,2, status,0, pclath, cstack
 Tracked objects:
		On entry : 
		On exit  : 
		Unchanged: 
 Data sizes:     COMMON   BANK0   BANK1   BANK3   BANK2
      Params:         0       0       0       0       0
      Locals:         0       1       0       0       0
      Temps:          0       0       0       0       0
      Totals:         0       1       0       0       0
Total ram usage:        1 bytes
 Hardware stack levels used:    1
 Hardware stack levels required when called:    2
 This function calls:
		_lcdWriteControl
 This function is called by:
		_PathTo
		_ADCMain
 This function uses a non-reentrant model


 *************** function _lcdWriteControl *****************
 Defined at:
		line 5 in file "LCD.c"
 Parameters:    Size  Location     Type
  databyte        1    wreg     unsigned char 
 Auto vars:     Size  Location     Type
  databyte        1    2[BANK0 ] unsigned char 
 Return value:  Size  Location     Type
                  1    wreg      void 
 Registers used:
		wreg
 Tracked objects:
		On entry : 
		On exit  : 
		Unchanged: 
 Data sizes:     COMMON   BANK0   BANK1   BANK3   BANK2
      Params:         0       0       0       0       0
      Locals:         0       1       0       0       0
      Temps:          0       2       0       0       0
      Totals:         0       3       0       0       0
Total ram usage:        3 bytes
 Hardware stack levels used:    1
 Hardware stack levels required when called:    1
 This function calls:
		Nothing
 This function is called by:
		_lcdSetCursor
		_setupLCD
 This function uses a non-reentrant model


 *************** function ___bmul *****************
 Defined at:
		line 4 in file "C:\Program Files (x86)\Microchip\xc8\v1.38\sources\common\Umul8.c"
 Parameters:    Size  Location     Type
  multiplier      1    wreg     unsigned char 
  multiplicand    1    0[BANK0 ] unsigned char 
 Auto vars:     Size  Location     Type
  multiplier      1    3[BANK0 ] unsigned char 
  product         1    2[BANK0 ] unsigned char 
 Return value:  Size  Location     Type
                  1    wreg      unsigned char 
 Registers used:
		wreg, status,2, status,0
 Tracked objects:
		On entry : 
		On exit  : 
		Unchanged: 
 Data sizes:     COMMON   BANK0   BANK1   BANK3   BANK2
      Params:         0       1       0       0       0
      Locals:         0       2       0       0       0
      Temps:          0       1       0       0       0
      Totals:         0       4       0       0       0
Total ram usage:        4 bytes
 Hardware stack levels used:    1
 Hardware stack levels required when called:    1
 This function calls:
		Nothing
 This function is called by:
		_PathTo
		_re_route
 This function uses a non-reentrant model


 *************** function _isr *****************
 Defined at:
		line 457 in file "main.c"
 Parameters:    Size  Location     Type
		None
 Auto vars:     Size  Location     Type
		None
 Return value:  Size  Location     Type
                  1    wreg      void 
 Registers used:
		wreg, status,2, status,0
 Tracked objects:
		On entry : 
		On exit  : 
		Unchanged: 
 Data sizes:     COMMON   BANK0   BANK1   BANK3   BANK2
      Params:         0       0       0       0       0
      Locals:         0       0       0       0       0
      Temps:          5       0       0       0       0
      Totals:         5       0       0       0       0
Total ram usage:        5 bytes
 Hardware stack levels used:    1
 This function calls:
		Nothing
 This function is called by:
		Interrupt level 1
 This function uses a non-reentrant model



MODULE INFORMATION

Module		Function		Class		Link	Load	Size
C:\Program Files (x86)\Microchip\xc8\v1.38\sources\common\Umul16.c
		___wmul        		CODE           	08B1	0000	36

C:\Program Files (x86)\Microchip\xc8\v1.38\sources\common\Umul16.c estimated size: 36

ser.c
		_Drive         		CODE           	08FA	0000	41
		_ser_init      		CODE           	17E0	0000	16
		_ser_getch     		CODE           	17CA	0000	11
		_ser_putch     		CODE           	17D4	0000	13
		_getSensorData 		CODE           	094A	0000	63
		_DriveDirect   		CODE           	0A4B	0000	142

ser.c estimated size: 286

C:\Program Files (x86)\Microchip\xc8\v1.38\sources\common\lwdiv.c
		___lwdiv       		CODE           	0988	0000	63

C:\Program Files (x86)\Microchip\xc8\v1.38\sources\common\lwdiv.c estimated size: 63

C:\Program Files (x86)\Microchip\xc8\v1.38\sources\common\Umul8.c
		___bmul        		CODE           	0813	0000	20

C:\Program Files (x86)\Microchip\xc8\v1.38\sources\common\Umul8.c estimated size: 20

shared
		__stringtab    		STRING         	0800	0000	7
		__initialization		CODE           	0015	0000	71

shared estimated size: 78

ADC.c
		_ADCMain       		CODE           	084D	0000	22
		_getADC        		CODE           	0A06	0000	70
		_setupADC      		CODE           	0862	0000	23

ADC.c estimated size: 115

SPI.c
		_spi_transfer  		CODE           	07F0	0000	16
		_setupSPI      		CODE           	0878	0000	26

SPI.c estimated size: 42

main.c
		_Drive1m       		CODE           	0C14	0000	233
		_Turn90        		CODE           	0B73	0000	162
		_main          		CODE           	005F	0000	1054
		_TravelPath    		CODE           	0EEB	0000	278
		_re_route      		CODE           	0CFC	0000	235
		_isr           		CODE           	08D4	0000	39
		_PathTo        		CODE           	047C	0000	844
		_wallFollow    		CODE           	0DE6	0000	262

main.c estimated size: 3107

LCD.c
		_setupLCD      		CODE           	07C7	0000	42
		_lcdSetCursor  		CODE           	17C1	0000	10
		_lcdWriteControl		CODE           	0839	0000	21
		_lcdWriteData  		CODE           	0826	0000	20
		_lcdWriteToDigitBCD		CODE           	0AD8	0000	156
		_lcdWriteString		CODE           	0891	0000	33

LCD.c estimated size: 282

